Archive member included to satisfy reference by file (symbol)

c:/program files (x86)/gnu tools arm embedded/5.4 2016q3/bin/../lib/gcc/arm-none-eabi/5.4.1/../../../../arm-none-eabi/lib/armv7e-m/fpu\libm.a(lib_a-s_floor.o)
                              build/obj/comm_can.o (floor)
c:/program files (x86)/gnu tools arm embedded/5.4 2016q3/bin/../lib/gcc/arm-none-eabi/5.4.1/../../../../arm-none-eabi/lib/armv7e-m/fpu\libm.a(lib_a-sf_cos.o)
                              build/obj/digital_filter.o (cosf)
c:/program files (x86)/gnu tools arm embedded/5.4 2016q3/bin/../lib/gcc/arm-none-eabi/5.4.1/../../../../arm-none-eabi/lib/armv7e-m/fpu\libm.a(lib_a-sf_round.o)
                              build/obj/ledpwm.o (roundf)
c:/program files (x86)/gnu tools arm embedded/5.4 2016q3/bin/../lib/gcc/arm-none-eabi/5.4.1/../../../../arm-none-eabi/lib/armv7e-m/fpu\libm.a(lib_a-sf_sin.o)
                              build/obj/digital_filter.o (sinf)
c:/program files (x86)/gnu tools arm embedded/5.4 2016q3/bin/../lib/gcc/arm-none-eabi/5.4.1/../../../../arm-none-eabi/lib/armv7e-m/fpu\libm.a(lib_a-w_sqrt.o)
                              build/obj/digital_filter.o (sqrt)
c:/program files (x86)/gnu tools arm embedded/5.4 2016q3/bin/../lib/gcc/arm-none-eabi/5.4.1/../../../../arm-none-eabi/lib/armv7e-m/fpu\libm.a(lib_a-wf_asin.o)
                              build/obj/mcpwm.o (asinf)
c:/program files (x86)/gnu tools arm embedded/5.4 2016q3/bin/../lib/gcc/arm-none-eabi/5.4.1/../../../../arm-none-eabi/lib/armv7e-m/fpu\libm.a(lib_a-wf_atan2.o)
                              build/obj/mcpwm_foc.o (atan2f)
c:/program files (x86)/gnu tools arm embedded/5.4 2016q3/bin/../lib/gcc/arm-none-eabi/5.4.1/../../../../arm-none-eabi/lib/armv7e-m/fpu\libm.a(lib_a-wf_fmod.o)
                              build/obj/utils.o (fmodf)
c:/program files (x86)/gnu tools arm embedded/5.4 2016q3/bin/../lib/gcc/arm-none-eabi/5.4.1/../../../../arm-none-eabi/lib/armv7e-m/fpu\libm.a(lib_a-wf_log.o)
                              build/obj/commands.o (logf)
c:/program files (x86)/gnu tools arm embedded/5.4 2016q3/bin/../lib/gcc/arm-none-eabi/5.4.1/../../../../arm-none-eabi/lib/armv7e-m/fpu\libm.a(lib_a-wf_pow.o)
                              build/obj/ledpwm.o (powf)
c:/program files (x86)/gnu tools arm embedded/5.4 2016q3/bin/../lib/gcc/arm-none-eabi/5.4.1/../../../../arm-none-eabi/lib/armv7e-m/fpu\libm.a(lib_a-wf_sincos.o)
                              build/obj/mcpwm_foc.o (sincosf)
c:/program files (x86)/gnu tools arm embedded/5.4 2016q3/bin/../lib/gcc/arm-none-eabi/5.4.1/../../../../arm-none-eabi/lib/armv7e-m/fpu\libm.a(lib_a-wf_sqrt.o)
                              build/obj/mcpwm.o (sqrtf)
c:/program files (x86)/gnu tools arm embedded/5.4 2016q3/bin/../lib/gcc/arm-none-eabi/5.4.1/../../../../arm-none-eabi/lib/armv7e-m/fpu\libm.a(lib_a-e_sqrt.o)
                              c:/program files (x86)/gnu tools arm embedded/5.4 2016q3/bin/../lib/gcc/arm-none-eabi/5.4.1/../../../../arm-none-eabi/lib/armv7e-m/fpu\libm.a(lib_a-w_sqrt.o) (__ieee754_sqrt)
c:/program files (x86)/gnu tools arm embedded/5.4 2016q3/bin/../lib/gcc/arm-none-eabi/5.4.1/../../../../arm-none-eabi/lib/armv7e-m/fpu\libm.a(lib_a-ef_asin.o)
                              c:/program files (x86)/gnu tools arm embedded/5.4 2016q3/bin/../lib/gcc/arm-none-eabi/5.4.1/../../../../arm-none-eabi/lib/armv7e-m/fpu\libm.a(lib_a-wf_asin.o) (__ieee754_asinf)
c:/program files (x86)/gnu tools arm embedded/5.4 2016q3/bin/../lib/gcc/arm-none-eabi/5.4.1/../../../../arm-none-eabi/lib/armv7e-m/fpu\libm.a(lib_a-ef_atan2.o)
                              c:/program files (x86)/gnu tools arm embedded/5.4 2016q3/bin/../lib/gcc/arm-none-eabi/5.4.1/../../../../arm-none-eabi/lib/armv7e-m/fpu\libm.a(lib_a-wf_atan2.o) (__ieee754_atan2f)
c:/program files (x86)/gnu tools arm embedded/5.4 2016q3/bin/../lib/gcc/arm-none-eabi/5.4.1/../../../../arm-none-eabi/lib/armv7e-m/fpu\libm.a(lib_a-ef_fmod.o)
                              c:/program files (x86)/gnu tools arm embedded/5.4 2016q3/bin/../lib/gcc/arm-none-eabi/5.4.1/../../../../arm-none-eabi/lib/armv7e-m/fpu\libm.a(lib_a-wf_fmod.o) (__ieee754_fmodf)
c:/program files (x86)/gnu tools arm embedded/5.4 2016q3/bin/../lib/gcc/arm-none-eabi/5.4.1/../../../../arm-none-eabi/lib/armv7e-m/fpu\libm.a(lib_a-ef_log.o)
                              c:/program files (x86)/gnu tools arm embedded/5.4 2016q3/bin/../lib/gcc/arm-none-eabi/5.4.1/../../../../arm-none-eabi/lib/armv7e-m/fpu\libm.a(lib_a-wf_log.o) (__ieee754_logf)
c:/program files (x86)/gnu tools arm embedded/5.4 2016q3/bin/../lib/gcc/arm-none-eabi/5.4.1/../../../../arm-none-eabi/lib/armv7e-m/fpu\libm.a(lib_a-ef_pow.o)
                              c:/program files (x86)/gnu tools arm embedded/5.4 2016q3/bin/../lib/gcc/arm-none-eabi/5.4.1/../../../../arm-none-eabi/lib/armv7e-m/fpu\libm.a(lib_a-wf_pow.o) (__ieee754_powf)
[...]
Memory Configuration

Name             Origin             Length             Attributes
flash            0x08000000         0x00004000
flash2           0x0800c000         0x00078000
ram0             0x20000000         0x00020000
ram1             0x20000000         0x0001c000
ram2             0x2001c000         0x00004000
ram3             0x00000000         0x00000000
ram4             0x10000000         0x00010000
ram5             0x40024000         0x00001000
ram6             0x00000000         0x00000000
ram7             0x00000000         0x00000000
*default*        0x00000000         0xffffffff

Linker script and memory map

LOAD build/obj/crt0_v7m.o
LOAD build/obj/chcoreasm_v7m.o
LOAD build/obj/crt1.o
LOAD build/obj/vectors.o
LOAD build/obj/chsys.o
LOAD build/obj/chdebug.o
LOAD build/obj/chvt.o
LOAD build/obj/chschd.o
LOAD build/obj/chthreads.o
LOAD build/obj/chtm.o
LOAD build/obj/chdynamic.o
LOAD build/obj/chregistry.o
LOAD build/obj/chsem.o
LOAD build/obj/chmtx.o
LOAD build/obj/chcond.o
LOAD build/obj/chevents.o
LOAD build/obj/chmsg.o
LOAD build/obj/chmboxes.o
LOAD build/obj/chqueues.o
LOAD build/obj/chmemcore.o
LOAD build/obj/chheap.o
LOAD build/obj/chmempools.o
LOAD build/obj/chcore.o
LOAD build/obj/chcore_v7m.o
LOAD build/obj/osal.o
LOAD build/obj/hal.o
LOAD build/obj/st.o
LOAD build/obj/hal_queues.o
LOAD build/obj/hal_mmcsd.o
LOAD build/obj/can.o
LOAD build/obj/i2c.o
LOAD build/obj/icu.o
LOAD build/obj/pal.o
LOAD build/obj/serial_usb.o
LOAD build/obj/spi.o
LOAD build/obj/uart.o
LOAD build/obj/usb.o
LOAD build/obj/nvic.o
LOAD build/obj/stm32_dma.o
LOAD build/obj/hal_lld.o
LOAD build/obj/st_lld.o
LOAD build/obj/can_lld.o
LOAD build/obj/pal_lld.o
LOAD build/obj/i2c_lld.o
LOAD build/obj/usb_lld.o
LOAD build/obj/spi_lld.o
LOAD build/obj/icu_lld.o
LOAD build/obj/uart_lld.o
LOAD build/obj/board.o
LOAD build/obj/chprintf.o
LOAD build/obj/syscalls.o
LOAD build/obj/main.o
LOAD build/obj/comm_usb_serial.o
LOAD build/obj/irq_handlers.o
LOAD build/obj/buffer.o
LOAD build/obj/comm_usb.o
LOAD build/obj/crc.o
LOAD build/obj/digital_filter.o
LOAD build/obj/ledpwm.o
LOAD build/obj/mcpwm.o
LOAD build/obj/servo_dec.o
LOAD build/obj/utils.o
LOAD build/obj/servo.o
LOAD build/obj/servo_simple.o
LOAD build/obj/packet.o
LOAD build/obj/terminal.o
LOAD build/obj/conf_general.o
LOAD build/obj/eeprom.o
LOAD build/obj/commands.o
LOAD build/obj/timeout.o
LOAD build/obj/comm_can.o
LOAD build/obj/ws2811.o
LOAD build/obj/led_external.o
LOAD build/obj/encoder.o
LOAD build/obj/flash_helper.o
LOAD build/obj/mc_interface.o
LOAD build/obj/mcpwm_foc.o
LOAD build/obj/hw_40.o
LOAD build/obj/hw_45.o
LOAD build/obj/hw_r2.o
LOAD build/obj/hw_46.o
LOAD build/obj/hw_48.o
LOAD build/obj/hw_49.o
LOAD build/obj/hw_410.o
LOAD build/obj/hw_victor_r1a.o
LOAD build/obj/app.o
LOAD build/obj/app_ppm.o
LOAD build/obj/app_adc.o
LOAD build/obj/app_sten.o
LOAD build/obj/app_uartcomm.o
LOAD build/obj/app_nunchuk.o
LOAD build/obj/spi_sw.o
LOAD build/obj/rf.o
LOAD build/obj/rfhelp.o
LOAD build/obj/nrf_driver.o
LOAD build/obj/misc.o
LOAD build/obj/stm32f4xx_adc.o
LOAD build/obj/stm32f4xx_dma.o
LOAD build/obj/stm32f4xx_exti.o
LOAD build/obj/stm32f4xx_flash.o
LOAD build/obj/stm32f4xx_rcc.o
LOAD build/obj/stm32f4xx_syscfg.o
LOAD build/obj/stm32f4xx_tim.o
LOAD build/obj/stm32f4xx_wwdg.o
                0x20000000                __ram0_start__ = ORIGIN (ram0)
                0x00020000                __ram0_size__ = LENGTH (ram0)
                0x20020000                __ram0_end__ = (__ram0_start__ + __ram0_size__)
                0x20000000                __ram1_start__ = ORIGIN (ram1)
                0x0001c000                __ram1_size__ = LENGTH (ram1)
                0x2001c000                __ram1_end__ = (__ram1_start__ + __ram1_size__)
                0x2001c000                __ram2_start__ = ORIGIN (ram2)
                0x00004000                __ram2_size__ = LENGTH (ram2)
                0x20020000                __ram2_end__ = (__ram2_start__ + __ram2_size__)
                0x00000000                __ram3_start__ = ORIGIN (ram3)
                0x00000000                __ram3_size__ = LENGTH (ram3)
                0x00000000                __ram3_end__ = (__ram3_start__ + __ram3_size__)
                0x10000000                __ram4_start__ = ORIGIN (ram4)
                0x00010000                __ram4_size__ = LENGTH (ram4)
                0x10010000                __ram4_end__ = (__ram4_start__ + __ram4_size__)
                0x40024000                __ram5_start__ = ORIGIN (ram5)
                0x00001000                __ram5_size__ = LENGTH (ram5)
                0x40025000                __ram5_end__ = (__ram5_start__ + __ram5_size__)
                0x00000000                __ram6_start__ = ORIGIN (ram6)
                0x00000000                __ram6_size__ = LENGTH (ram6)
                0x00000000                __ram6_end__ = (__ram6_start__ + __ram6_size__)
                0x00000000                __ram7_start__ = ORIGIN (ram7)
                0x00000000                __ram7_size__ = LENGTH (ram7)
                0x00000000                __ram7_end__ = (__ram7_start__ + __ram7_size__)
                0x00000000                . = 0x0
                0x00000000                _text = .

startup         0x08000000      0x1c0
 *(.vectors)
 .vectors       0x08000000      0x1c0 build/obj/vectors.o
                0x08000000                _vectors

constructors    0x0800c000        0x0
                0x0800c000                PROVIDE (__init_array_start, .)
 *(SORT(.init_array.*))
 *(.init_array)
                0x0800c000                PROVIDE (__init_array_end, .)

destructors     0x0800c000        0x0
                0x0800c000                PROVIDE (__fini_array_start, .)
 *(.fini_array)
 *(SORT(.fini_array.*))
                0x0800c000                PROVIDE (__fini_array_end, .)

.text           0x0800c000    0x25cf0
 *(.text)
 .text          0x0800c000      0x108 build/obj/crt0_v7m.o
                0x0800c000                Reset_Handler
 *fill*         0x0800c108        0x8 
 .text          0x0800c110       0x30 build/obj/chcoreasm_v7m.o
                0x0800c110                _port_switch
                0x0800c128                _port_thread_start
                0x0800c138                _port_switch_from_isr
                0x0800c13c                _port_exit_from_isr
 .text          0x0800c140      0x370 c:/program files (x86)/gnu tools arm embedded/5.4 2016q3/bin/../lib/gcc/arm-none-eabi/5.4.1/armv7e-m/fpu\libgcc.a(_arm_addsubdf3.o)
                0x0800c140                __aeabi_drsub
                0x0800c148                __aeabi_dsub
                0x0800c148                __subdf3
                0x0800c14c                __aeabi_dadd
                0x0800c14c                __adddf3
                0x0800c3c4                __floatunsidf
                0x0800c3c4                __aeabi_ui2d
                0x0800c3e4                __floatsidf
                0x0800c3e4                __aeabi_i2d
                0x0800c408                __aeabi_f2d
                0x0800c408                __extendsfdf2
                0x0800c444                __floatundidf
                0x0800c444                __aeabi_ul2d
                0x0800c454                __floatdidf
                0x0800c454                __aeabi_l2d
 .text          0x0800c4b0      0x424 c:/program files (x86)/gnu tools arm embedded/5.4 2016q3/bin/../lib/gcc/arm-none-eabi/5.4.1/armv7e-m/fpu\libgcc.a(_arm_muldivdf3.o)
                0x0800c4b0                __aeabi_dmul
                0x0800c4b0                __muldf3
                0x0800c704                __divdf3
                0x0800c704                __aeabi_ddiv
 *fill*         0x0800c8d4        0xc 
 .text          0x0800c8e0      0x110 c:/program files (x86)/gnu tools arm embedded/5.4 2016q3/bin/../lib/gcc/arm-none-eabi/5.4.1/armv7e-m/fpu\libgcc.a(_arm_cmpdf2.o)
                0x0800c8e0                __gtdf2
                0x0800c8e0                __gedf2
                0x0800c8e8                __ltdf2
                0x0800c8e8                __ledf2
                0x0800c8f0                __nedf2
                0x0800c8f0                __eqdf2
                0x0800c8f0                __cmpdf2
                0x0800c96c                __aeabi_cdrcmple
                0x0800c97c                __aeabi_cdcmpeq
                0x0800c97c                __aeabi_cdcmple
                0x0800c98c                __aeabi_dcmpeq
                0x0800c9a0                __aeabi_dcmplt
                0x0800c9b4                __aeabi_dcmple
                0x0800c9c8                __aeabi_dcmpge
                0x0800c9dc                __aeabi_dcmpgt
 .text          0x0800c9f0       0x2c c:/program files (x86)/gnu tools arm embedded/5.4 2016q3/bin/../lib/gcc/arm-none-eabi/5.4.1/armv7e-m/fpu\libgcc.a(_arm_unorddf2.o)
                0x0800c9f0                __unorddf2
                0x0800c9f0                __aeabi_dcmpun
 *fill*         0x0800ca1c        0x4 
 .text          0x0800ca20       0x50 c:/program files (x86)/gnu tools arm embedded/5.4 2016q3/bin/../lib/gcc/arm-none-eabi/5.4.1/armv7e-m/fpu\libgcc.a(_arm_fixdfsi.o)
                0x0800ca20                __aeabi_d2iz
                0x0800ca20                __fixdfsi
 .text          0x0800ca70       0xa0 c:/program files (x86)/gnu tools arm embedded/5.4 2016q3/bin/../lib/gcc/arm-none-eabi/5.4.1/armv7e-m/fpu\libgcc.a(_arm_truncdfsf2.o)
                0x0800ca70                __truncdfsf2
                0x0800ca70                __aeabi_d2f
 .text          0x0800cb10      0x134 c:/program files (x86)/gnu tools arm embedded/5.4 2016q3/bin/../lib/gcc/arm-none-eabi/5.4.1/../../../../arm-none-eabi/lib/armv7e-m/fpu\libg.a(lib_a-memcpy.o)
                0x0800cb10                memcpy
 *fill*         0x0800cc44        0xc 
 .text          0x0800cc50      0x2dc c:/program files (x86)/gnu tools arm embedded/5.4 2016q3/bin/../lib/gcc/arm-none-eabi/5.4.1/../../../../arm-none-eabi/lib/armv7e-m/fpu\libg.a(lib_a-strcmp.o)
                0x0800cc58                strcmp
 *fill*         0x0800cf2c        0x4 
 .text          0x0800cf30       0xdc c:/program files (x86)/gnu tools arm embedded/5.4 2016q3/bin/../lib/gcc/arm-none-eabi/5.4.1/../../../../arm-none-eabi/lib/armv7e-m/fpu\libg.a(lib_a-strlen.o)
                0x0800cf30                strlen
 *fill*         0x0800d00c        0x4 
 .text          0x0800d010       0xa0 c:/program files (x86)/gnu tools arm embedded/5.4 2016q3/bin/../lib/gcc/arm-none-eabi/5.4.1/../../../../arm-none-eabi/lib/armv7e-m/fpu\libg.a(lib_a-memchr.o)
                0x0800d010                memchr
 .text          0x0800d0b0       0x40 c:/program files (x86)/gnu tools arm embedded/5.4 2016q3/bin/../lib/gcc/arm-none-eabi/5.4.1/armv7e-m/fpu\libgcc.a(_arm_fixunsdfsi.o)
                0x0800d0b0                __aeabi_d2uiz
                0x0800d0b0                __fixunsdfsi
 .text          0x0800d0f0       0x30 c:/program files (x86)/gnu tools arm embedded/5.4 2016q3/bin/../lib/gcc/arm-none-eabi/5.4.1/armv7e-m/fpu\libgcc.a(_aeabi_uldivmod.o)
                0x0800d0f0                __aeabi_uldivmod
 .text          0x0800d120      0x2e4 c:/program files (x86)/gnu tools arm embedded/5.4 2016q3/bin/../lib/gcc/arm-none-eabi/5.4.1/armv7e-m/fpu\libgcc.a(_udivmoddi4.o)
                0x0800d120                __udivmoddi4
 *fill*         0x0800d404        0xc 
 .text          0x0800d410        0x4 c:/program files (x86)/gnu tools arm embedded/5.4 2016q3/bin/../lib/gcc/arm-none-eabi/5.4.1/armv7e-m/fpu\libgcc.a(_dvmd_tls.o)
                0x0800d410                __aeabi_idiv0
                0x0800d410                __aeabi_ldiv0
 *(.text.*)
 *fill*         0x0800d414        0xc 
 .text.__core_init
                0x0800d420        0x4 build/obj/crt1.o
                0x0800d420                __core_init
 *fill*         0x0800d424        0xc 
 .text.__late_init
                0x0800d430        0x4 build/obj/crt1.o
                0x0800d430                __late_init
 *fill*         0x0800d434        0xc 
 .text.__default_exit
                0x0800d440        0x4 build/obj/crt1.o
                0x0800d440                __default_exit
 *fill*         0x0800d444        0xc 
 .text._unhandled_exception
                0x0800d450        0x4 build/obj/vectors.o
                0x0800d450                Vector58
                0x0800d450                Vector9C
                0x0800d450                VectorE8
                0x0800d450                VectorAC
                0x0800d450                DebugMon_Handler
                0x0800d450                Vector1A0
                0x0800d450                Vector5C
                0x0800d450                Vector11C
                0x0800d450                HardFault_Handler
                0x0800d450                Vector1B8
                0x0800d450                Vector19C
                0x0800d450                PendSV_Handler
                0x0800d450                Vector168
                0x0800d450                NMI_Handler
                0x0800d450                Vector110
                0x0800d450                VectorA8
                0x0800d450                Vector160
                0x0800d450                Vector1B0
                0x0800d450                UsageFault_Handler
                0x0800d450                VectorEC
                0x0800d450                Vector40
                0x0800d450                VectorF8
                0x0800d450                Vector108
                0x0800d450                VectorBC
                0x0800d450                Vector190
                0x0800d450                Vector148
                0x0800d450                Vector188
                0x0800d450                Vector198
                0x0800d450                Vector118
                0x0800d450                Vector64
                0x0800d450                VectorCC
                0x0800d450                Vector54
                0x0800d450                VectorD8
                0x0800d450                Vector138
                0x0800d450                Vector24
                0x0800d450                Vector1AC
                0x0800d450                Vector178
                0x0800d450                Vector1A4
                0x0800d450                VectorD0
                0x0800d450                Vector1B4
                0x0800d450                Vector140
                0x0800d450                VectorE4
                0x0800d450                VectorC0
                0x0800d450                Vector134
                0x0800d450                VectorF0
                0x0800d450                Vector13C
                0x0800d450                Vector100
                0x0800d450                VectorF4
                0x0800d450                MemManage_Handler
                0x0800d450                VectorA0
                0x0800d450                Vector180
                0x0800d450                VectorB0
                0x0800d450                Vector114
                0x0800d450                Vector60
                0x0800d450                Vector164
                0x0800d450                Vector1C
                0x0800d450                Vector1BC
                0x0800d450                Vector17C
                0x0800d450                Vector48
                0x0800d450                Vector1A8
                0x0800d450                Vector16C
                0x0800d450                VectorD4
                0x0800d450                Vector4C
                0x0800d450                Vector144
                0x0800d450                Vector68
                0x0800d450                _unhandled_exception
                0x0800d450                Vector170
                0x0800d450                Vector104
                0x0800d450                Vector184
                0x0800d450                Vector10C
                0x0800d450                BusFault_Handler
                0x0800d450                Vector50
                0x0800d450                Vector194
                0x0800d450                Vector44
                0x0800d450                Vector28
                0x0800d450                Vector34
                0x0800d450                VectorA4
                0x0800d450                Vector20
                0x0800d450                Vector18C
                0x0800d450                Vector174
 *fill*         0x0800d454        0xc 
 .text._idle_thread
                0x0800d460        0x4 build/obj/chsys.o
 *fill*         0x0800d464        0xc 
 .text.chSysInit
                0x0800d470       0xa4 build/obj/chsys.o
                0x0800d470                chSysInit
 *fill*         0x0800d514        0xc 
 .text.chSysHalt
                0x0800d520        0xc build/obj/chsys.o
                0x0800d520                chSysHalt
 *fill*         0x0800d52c        0x4 
 .text.chSysTimerHandlerI
                0x0800d530       0x58 build/obj/chsys.o
                0x0800d530                chSysTimerHandlerI
 *fill*         0x0800d588        0x8 
 .text.chSysPolledDelayX
                0x0800d590       0x14 build/obj/chsys.o
                0x0800d590                chSysPolledDelayX
 *fill*         0x0800d5a4        0xc 
 .text._vt_init
                0x0800d5b0       0x1c build/obj/chvt.o
                0x0800d5b0                _vt_init
 *fill*         0x0800d5cc        0x4 
 .text.chVTDoSetI
                0x0800d5d0       0x3c build/obj/chvt.o
                0x0800d5d0                chVTDoSetI
 *fill*         0x0800d60c        0x4 
 .text.chVTDoResetI
                0x0800d610       0x28 build/obj/chvt.o
                0x0800d610                chVTDoResetI
 *fill*         0x0800d638        0x8 
 .text.wakeup   0x0800d640       0x70 build/obj/chschd.o
 .text._scheduler_init
                0x0800d6b0       0x14 build/obj/chschd.o
                0x0800d6b0                _scheduler_init
 *fill*         0x0800d6c4        0xc 
 .text.chSchReadyI
                0x0800d6d0       0x2c build/obj/chschd.o
                0x0800d6d0                chSchReadyI
 *fill*         0x0800d6fc        0x4 
 .text.chSchGoSleepS
                0x0800d700       0x28 build/obj/chschd.o
                0x0800d700                chSchGoSleepS
 *fill*         0x0800d728        0x8 
 .text.chSchGoSleepTimeoutS
                0x0800d730       0x44 build/obj/chschd.o
                0x0800d730                chSchGoSleepTimeoutS
 *fill*         0x0800d774        0xc 
 .text.chSchWakeupS
                0x0800d780       0x58 build/obj/chschd.o
                0x0800d780                chSchWakeupS
 *fill*         0x0800d7d8        0x8 
 .text.chSchIsPreemptionRequired
                0x0800d7e0       0x28 build/obj/chschd.o
                0x0800d7e0                chSchIsPreemptionRequired
 *fill*         0x0800d808        0x8 
 .text.chSchDoRescheduleBehind
                0x0800d810       0x40 build/obj/chschd.o
                0x0800d810                chSchDoRescheduleBehind
 .text.chSchDoRescheduleAhead
                0x0800d850       0x3c build/obj/chschd.o
                0x0800d850                chSchDoRescheduleAhead
 *fill*         0x0800d88c        0x4 
 .text.chSchRescheduleS
                0x0800d890       0x18 build/obj/chschd.o
                0x0800d890                chSchRescheduleS
 *fill*         0x0800d8a8        0x8 
 .text.chSchDoReschedule
                0x0800d8b0       0x14 build/obj/chschd.o
                0x0800d8b0                chSchDoReschedule
 *fill*         0x0800d8c4        0xc 
 .text._thread_init
                0x0800d8d0       0x44 build/obj/chthreads.o
                0x0800d8d0                _thread_init
 *fill*         0x0800d914        0xc 
 .text.chThdCreateI
                0x0800d920       0x58 build/obj/chthreads.o
                0x0800d920                chThdCreateI
 *fill*         0x0800d978        0x8 
 .text.chThdCreateStatic
                0x0800d980       0x68 build/obj/chthreads.o
                0x0800d980                chThdCreateStatic
 *fill*         0x0800d9e8        0x8 
 .text.chThdSleep
                0x0800d9f0       0x18 build/obj/chthreads.o
                0x0800d9f0                chThdSleep
 *fill*         0x0800da08        0x8 
 .text.chThdExitS
                0x0800da10       0x40 build/obj/chthreads.o
                0x0800da10                chThdExitS
 .text.chThdExit
                0x0800da50        0xc build/obj/chthreads.o
                0x0800da50                chThdExit
 *fill*         0x0800da5c        0x4 
 .text.chThdSuspendS
                0x0800da60       0x1c build/obj/chthreads.o
                0x0800da60                chThdSuspendS
 *fill*         0x0800da7c        0x4 
 .text.chThdSuspendTimeoutS
                0x0800da80       0x1c build/obj/chthreads.o
                0x0800da80                chThdSuspendTimeoutS
 *fill*         0x0800da9c        0x4 
 .text.chThdResumeI
                0x0800daa0       0x14 build/obj/chthreads.o
                0x0800daa0                chThdResumeI
 *fill*         0x0800dab4        0xc 
 .text.chThdEnqueueTimeoutS
                0x0800dac0       0x28 build/obj/chthreads.o
                0x0800dac0                chThdEnqueueTimeoutS
 *fill*         0x0800dae8        0x8 
 .text.chThdDequeueAllI
                0x0800daf0       0x24 build/obj/chthreads.o
                0x0800daf0                chThdDequeueAllI
 *fill*         0x0800db14        0xc 
 .text.chTMStartMeasurementX
                0x0800db20        0xc build/obj/chtm.o
                0x0800db20                chTMStartMeasurementX
 *fill*         0x0800db2c        0x4 
 .text.chTMStopMeasurementX
                0x0800db30       0x48 build/obj/chtm.o
                0x0800db30                chTMStopMeasurementX
 *fill*         0x0800db78        0x8 
 .text._tm_init
                0x0800db80       0x38 build/obj/chtm.o
                0x0800db80                _tm_init
 *fill*         0x0800dbb8        0x8 
 .text.chThdRelease
                0x0800dbc0       0x50 build/obj/chdynamic.o
                0x0800dbc0                chThdRelease
 .text.chRegFirstThread
                0x0800dc10       0x1c build/obj/chregistry.o
                0x0800dc10                chRegFirstThread
 *fill*         0x0800dc2c        0x4 
 .text.chRegNextThread
                0x0800dc30       0x2c build/obj/chregistry.o
                0x0800dc30                chRegNextThread
 *fill*         0x0800dc5c        0x4 
 .text.chMtxObjectInit
                0x0800dc60        0xc build/obj/chmtx.o
                0x0800dc60                chMtxObjectInit
 *fill*         0x0800dc6c        0x4 
 .text.chMtxLockS
                0x0800dc70       0xc8 build/obj/chmtx.o
                0x0800dc70                chMtxLockS
 *fill*         0x0800dd38        0x8 
 .text.chMtxLock
                0x0800dd40       0x14 build/obj/chmtx.o
                0x0800dd40                chMtxLock
 *fill*         0x0800dd54        0xc 
 .text.chMtxUnlock
                0x0800dd60       0x64 build/obj/chmtx.o
                0x0800dd60                chMtxUnlock
 *fill*         0x0800ddc4        0xc 
 .text.chEvtRegisterMaskWithFlags
                0x0800ddd0       0x28 build/obj/chevents.o
                0x0800ddd0                chEvtRegisterMaskWithFlags
 *fill*         0x0800ddf8        0x8 
 .text.chEvtUnregister
                0x0800de00       0x2c build/obj/chevents.o
                0x0800de00                chEvtUnregister
 *fill*         0x0800de2c        0x4 
 .text.chEvtSignalI
                0x0800de30       0x28 build/obj/chevents.o
                0x0800de30                chEvtSignalI
 *fill*         0x0800de58        0x8 
 .text.chEvtBroadcastFlagsI
                0x0800de60       0x2c build/obj/chevents.o
                0x0800de60                chEvtBroadcastFlagsI
 *fill*         0x0800de8c        0x4 
 .text.chEvtSignal
                0x0800de90       0x18 build/obj/chevents.o
                0x0800de90                chEvtSignal
 *fill*         0x0800dea8        0x8 
 .text.chEvtWaitAny
                0x0800deb0       0x38 build/obj/chevents.o
                0x0800deb0                chEvtWaitAny
 *fill*         0x0800dee8        0x8 
 .text.chEvtWaitAnyTimeout
                0x0800def0       0x50 build/obj/chevents.o
                0x0800def0                chEvtWaitAnyTimeout
 .text.chIQObjectInit
                0x0800df40       0x20 build/obj/chqueues.o
                0x0800df40                chIQObjectInit
 .text.chIQResetI
                0x0800df60       0x14 build/obj/chqueues.o
                0x0800df60                chIQResetI
 *fill*         0x0800df74        0xc 
 .text.chIQGetTimeout
                0x0800df80       0x50 build/obj/chqueues.o
                0x0800df80                chIQGetTimeout
 .text.chIQReadTimeout
                0x0800dfd0       0x78 build/obj/chqueues.o
                0x0800dfd0                chIQReadTimeout
 *fill*         0x0800e048        0x8 
 .text.chOQObjectInit
                0x0800e050       0x1c build/obj/chqueues.o
                0x0800e050                chOQObjectInit
 *fill*         0x0800e06c        0x4 
 .text.chOQResetI
                0x0800e070       0x1c build/obj/chqueues.o
                0x0800e070                chOQResetI
 *fill*         0x0800e08c        0x4 
 .text.chOQPutTimeout
                0x0800e090       0x54 build/obj/chqueues.o
                0x0800e090                chOQPutTimeout
 *fill*         0x0800e0e4        0xc 
 .text.chOQWriteTimeout
                0x0800e0f0       0x88 build/obj/chqueues.o
                0x0800e0f0                chOQWriteTimeout
 *fill*         0x0800e178        0x8 
 .text._core_init
                0x0800e180       0x28 build/obj/chmemcore.o
                0x0800e180                _core_init
 *fill*         0x0800e1a8        0x8 
 .text.chCoreAlloc
                0x0800e1b0       0x38 build/obj/chmemcore.o
                0x0800e1b0                chCoreAlloc
 *fill*         0x0800e1e8        0x8 
 .text.chCoreGetStatusX
                0x0800e1f0       0x14 build/obj/chmemcore.o
                0x0800e1f0                chCoreGetStatusX
 *fill*         0x0800e204        0xc 
 .text._heap_init
                0x0800e210       0x1c build/obj/chheap.o
                0x0800e210                _heap_init
 *fill*         0x0800e22c        0x4 
 .text.chHeapFree
                0x0800e230       0x98 build/obj/chheap.o
                0x0800e230                chHeapFree
 *fill*         0x0800e2c8        0x8 
 .text.chHeapStatus
                0x0800e2d0       0x44 build/obj/chheap.o
                0x0800e2d0                chHeapStatus
 *fill*         0x0800e314        0xc 
 .text.chPoolFree
                0x0800e320       0x14 build/obj/chmempools.o
                0x0800e320                chPoolFree
 *fill*         0x0800e334        0xc 
 .text.SVC_Handler
                0x0800e340       0x20 build/obj/chcore_v7m.o
                0x0800e340                SVC_Handler
 .text._port_irq_epilogue
                0x0800e360       0x60 build/obj/chcore_v7m.o
                0x0800e360                _port_irq_epilogue
 .text.halInit  0x0800e3c0       0x38 build/obj/hal.o
                0x0800e3c0                halInit
 *fill*         0x0800e3f8        0x8 
 .text.stInit   0x0800e400        0x4 build/obj/st.o
                0x0800e400                stInit
 *fill*         0x0800e404        0xc 
 .text.canInit  0x0800e410        0x4 build/obj/can.o
                0x0800e410                canInit
 *fill*         0x0800e414        0xc 
 .text.canObjectInit
                0x0800e420       0x3c build/obj/can.o
                0x0800e420                canObjectInit
 *fill*         0x0800e45c        0x4 
 .text.canStart
                0x0800e460       0x20 build/obj/can.o
                0x0800e460                canStart
 .text.canTransmit
                0x0800e480       0x50 build/obj/can.o
                0x0800e480                canTransmit
 .text.canReceive
                0x0800e4d0       0x50 build/obj/can.o
                0x0800e4d0                canReceive
 .text.i2cInit  0x0800e520        0x4 build/obj/i2c.o
                0x0800e520                i2cInit
 *fill*         0x0800e524        0xc 
 .text.i2cObjectInit
                0x0800e530       0x10 build/obj/i2c.o
                0x0800e530                i2cObjectInit
 .text.i2cStart
                0x0800e540       0x1c build/obj/i2c.o
                0x0800e540                i2cStart
 *fill*         0x0800e55c        0x4 
 .text.i2cStop  0x0800e560       0x1c build/obj/i2c.o
                0x0800e560                i2cStop
 *fill*         0x0800e57c        0x4 
 .text.i2cMasterTransmitTimeout
                0x0800e580       0x40 build/obj/i2c.o
                0x0800e580                i2cMasterTransmitTimeout
 .text.i2cMasterReceiveTimeout
                0x0800e5c0       0x30 build/obj/i2c.o
                0x0800e5c0                i2cMasterReceiveTimeout
 .text.i2cAcquireBus
                0x0800e5f0        0x8 build/obj/i2c.o
                0x0800e5f0                i2cAcquireBus
 *fill*         0x0800e5f8        0x8 
 .text.i2cReleaseBus
                0x0800e600        0x8 build/obj/i2c.o
                0x0800e600                i2cReleaseBus
 *fill*         0x0800e608        0x8 
 .text.icuInit  0x0800e610        0x4 build/obj/icu.o
                0x0800e610                icuInit
 *fill*         0x0800e614        0xc 
 .text.icuObjectInit
                0x0800e620        0xc build/obj/icu.o
                0x0800e620                icuObjectInit
 *fill*         0x0800e62c        0x4 
 .text.icuStart
                0x0800e630       0x1c build/obj/icu.o
                0x0800e630                icuStart
 *fill*         0x0800e64c        0x4 
 .text.icuStartCapture
                0x0800e650       0x1c build/obj/icu.o
                0x0800e650                icuStartCapture
 *fill*         0x0800e66c        0x4 
 .text.icuEnableNotifications
                0x0800e670       0x14 build/obj/icu.o
                0x0800e670                icuEnableNotifications
 *fill*         0x0800e684        0xc 
 .text.onotify  0x0800e690       0x60 build/obj/serial_usb.o
 .text.inotify  0x0800e6f0       0x6c build/obj/serial_usb.o
 *fill*         0x0800e75c        0x4 
 .text.readt    0x0800e760        0x8 build/obj/serial_usb.o
 *fill*         0x0800e768        0x8 
 .text.read     0x0800e770        0xc build/obj/serial_usb.o
 *fill*         0x0800e77c        0x4 
 .text.writet   0x0800e780        0x8 build/obj/serial_usb.o
 *fill*         0x0800e788        0x8 
 .text.write    0x0800e790        0xc build/obj/serial_usb.o
 *fill*         0x0800e79c        0x4 
 .text.gett     0x0800e7a0        0x8 build/obj/serial_usb.o
 *fill*         0x0800e7a8        0x8 
 .text.get      0x0800e7b0        0xc build/obj/serial_usb.o
 *fill*         0x0800e7bc        0x4 
 .text.putt     0x0800e7c0        0x8 build/obj/serial_usb.o
 *fill*         0x0800e7c8        0x8 
 .text.put      0x0800e7d0        0xc build/obj/serial_usb.o
 *fill*         0x0800e7dc        0x4 
 .text.sduInit  0x0800e7e0        0x4 build/obj/serial_usb.o
                0x0800e7e0                sduInit
 *fill*         0x0800e7e4        0xc 
 .text.sduObjectInit
                0x0800e7f0       0x4c build/obj/serial_usb.o
                0x0800e7f0                sduObjectInit
 *fill*         0x0800e83c        0x4 
 .text.sduStart
                0x0800e840       0x34 build/obj/serial_usb.o
                0x0800e840                sduStart
 *fill*         0x0800e874        0xc 
 .text.sduConfigureHookI
                0x0800e880       0x4c build/obj/serial_usb.o
                0x0800e880                sduConfigureHookI
 *fill*         0x0800e8cc        0x4 
 .text.sduRequestsHook
                0x0800e8d0       0x40 build/obj/serial_usb.o
                0x0800e8d0                sduRequestsHook
 .text.sduDataTransmitted
                0x0800e910       0x6c build/obj/serial_usb.o
                0x0800e910                sduDataTransmitted
 *fill*         0x0800e97c        0x4 
 .text.sduDataReceived
                0x0800e980       0x6c build/obj/serial_usb.o
                0x0800e980                sduDataReceived
 *fill*         0x0800e9ec        0x4 
 .text.sduInterruptTransmitted
                0x0800e9f0        0x4 build/obj/serial_usb.o
                0x0800e9f0                sduInterruptTransmitted
 *fill*         0x0800e9f4        0xc 
 .text.spiInit  0x0800ea00        0x4 build/obj/spi.o
                0x0800ea00                spiInit
 *fill*         0x0800ea04        0xc 
 .text.spiObjectInit
                0x0800ea10       0x10 build/obj/spi.o
                0x0800ea10                spiObjectInit
 .text.uartInit
                0x0800ea20        0x4 build/obj/uart.o
                0x0800ea20                uartInit
 *fill*         0x0800ea24        0xc 
 .text.uartObjectInit
                0x0800ea30       0x10 build/obj/uart.o
                0x0800ea30                uartObjectInit
 .text.uartStart
                0x0800ea40       0x1c build/obj/uart.o
                0x0800ea40                uartStart
 *fill*         0x0800ea5c        0x4 
 .text.uartStop
                0x0800ea60       0x20 build/obj/uart.o
                0x0800ea60                uartStop
 .text.uartStartSend
                0x0800ea80       0x1c build/obj/uart.o
                0x0800ea80                uartStartSend
 *fill*         0x0800ea9c        0x4 
 .text.usbInit  0x0800eaa0        0x4 build/obj/usb.o
                0x0800eaa0                usbInit
 *fill*         0x0800eaa4        0xc 
 .text.usbObjectInit
                0x0800eab0       0x1c build/obj/usb.o
                0x0800eab0                usbObjectInit
 *fill*         0x0800eacc        0x4 
 .text.usbStart
                0x0800ead0       0x24 build/obj/usb.o
                0x0800ead0                usbStart
 *fill*         0x0800eaf4        0xc 
 .text.usbStop  0x0800eb00       0x1c build/obj/usb.o
                0x0800eb00                usbStop
 *fill*         0x0800eb1c        0x4 
 .text.usbInitEndpointI
                0x0800eb20       0x30 build/obj/usb.o
                0x0800eb20                usbInitEndpointI
 .text.usbPrepareQueuedReceive
                0x0800eb50       0x1c build/obj/usb.o
                0x0800eb50                usbPrepareQueuedReceive
 *fill*         0x0800eb6c        0x4 
 .text.usbPrepareQueuedTransmit
                0x0800eb70       0x1c build/obj/usb.o
                0x0800eb70                usbPrepareQueuedTransmit
 *fill*         0x0800eb8c        0x4 
 .text.usbStartReceiveI
                0x0800eb90       0x24 build/obj/usb.o
                0x0800eb90                usbStartReceiveI
 *fill*         0x0800ebb4        0xc 
 .text.usbStartTransmitI
                0x0800ebc0       0x24 build/obj/usb.o
                0x0800ebc0                usbStartTransmitI
 *fill*         0x0800ebe4        0xc 
 .text._usb_reset
                0x0800ebf0       0x28 build/obj/usb.o
                0x0800ebf0                _usb_reset
 *fill*         0x0800ec18        0x8 
 .text._usb_ep0setup
                0x0800ec20      0x338 build/obj/usb.o
                0x0800ec20                _usb_ep0setup
 *fill*         0x0800ef58        0x8 
 .text._usb_ep0in
                0x0800ef60       0xe4 build/obj/usb.o
                0x0800ef60                _usb_ep0in
 *fill*         0x0800f044        0xc 
 .text._usb_ep0out
                0x0800f050       0x9c build/obj/usb.o
                0x0800f050                _usb_ep0out
 *fill*         0x0800f0ec        0x4 
 .text.nvicEnableVector
                0x0800f0f0       0x34 build/obj/nvic.o
                0x0800f0f0                nvicEnableVector
 *fill*         0x0800f124        0xc 
 .text.nvicDisableVector
                0x0800f130       0x28 build/obj/nvic.o
                0x0800f130                nvicDisableVector
 *fill*         0x0800f158        0x8 
 .text.nvicSetSystemHandlerPriority
                0x0800f160       0x10 build/obj/nvic.o
                0x0800f160                nvicSetSystemHandlerPriority
 .text.Vector6C
                0x0800f170       0x28 build/obj/stm32_dma.o
                0x0800f170                Vector6C
 *fill*         0x0800f198        0x8 
 .text.Vector70
                0x0800f1a0       0x2c build/obj/stm32_dma.o
                0x0800f1a0                Vector70
 *fill*         0x0800f1cc        0x4 
 .text.Vector74
                0x0800f1d0       0x2c build/obj/stm32_dma.o
                0x0800f1d0                Vector74
 *fill*         0x0800f1fc        0x4 
 .text.Vector78
                0x0800f200       0x2c build/obj/stm32_dma.o
                0x0800f200                Vector78
 *fill*         0x0800f22c        0x4 
 .text.Vector7C
                0x0800f230       0x28 build/obj/stm32_dma.o
                0x0800f230                Vector7C
 *fill*         0x0800f258        0x8 
 .text.Vector80
                0x0800f260       0x2c build/obj/stm32_dma.o
                0x0800f260                Vector80
 *fill*         0x0800f28c        0x4 
 .text.Vector84
                0x0800f290       0x2c build/obj/stm32_dma.o
                0x0800f290                Vector84
 *fill*         0x0800f2bc        0x4 
 .text.VectorFC
                0x0800f2c0       0x2c build/obj/stm32_dma.o
                0x0800f2c0                VectorFC
 *fill*         0x0800f2ec        0x4 
 .text.Vector120
                0x0800f2f0       0x28 build/obj/stm32_dma.o
                0x0800f2f0                Vector120
 *fill*         0x0800f318        0x8 
 .text.Vector124
                0x0800f320       0x2c build/obj/stm32_dma.o
                0x0800f320                Vector124
 *fill*         0x0800f34c        0x4 
 .text.Vector128
                0x0800f350       0x2c build/obj/stm32_dma.o
                0x0800f350                Vector128
 *fill*         0x0800f37c        0x4 
 .text.Vector12C
                0x0800f380       0x2c build/obj/stm32_dma.o
                0x0800f380                Vector12C
 *fill*         0x0800f3ac        0x4 
 .text.Vector130
                0x0800f3b0       0x28 build/obj/stm32_dma.o
                0x0800f3b0                Vector130
 *fill*         0x0800f3d8        0x8 
 .text.Vector150
                0x0800f3e0       0x2c build/obj/stm32_dma.o
                0x0800f3e0                Vector150
 *fill*         0x0800f40c        0x4 
 .text.Vector154
                0x0800f410       0x2c build/obj/stm32_dma.o
                0x0800f410                Vector154
 *fill*         0x0800f43c        0x4 
 .text.Vector158
                0x0800f440       0x2c build/obj/stm32_dma.o
                0x0800f440                Vector158
 *fill*         0x0800f46c        0x4 
 .text.dmaInit  0x0800f470       0x54 build/obj/stm32_dma.o
                0x0800f470                dmaInit
 *fill*         0x0800f4c4        0xc 
 .text.dmaStreamAllocate
                0x0800f4d0       0x8c build/obj/stm32_dma.o
                0x0800f4d0                dmaStreamAllocate
 *fill*         0x0800f55c        0x4 
 .text.dmaStreamRelease
                0x0800f560       0x44 build/obj/stm32_dma.o
                0x0800f560                dmaStreamRelease
 *fill*         0x0800f5a4        0xc 
 .text.hal_lld_init
                0x0800f5b0       0x68 build/obj/hal_lld.o
                0x0800f5b0                hal_lld_init
 *fill*         0x0800f618        0x8 
 .text.stm32_clock_init
                0x0800f620       0xc8 build/obj/hal_lld.o
                0x0800f620                stm32_clock_init
 *fill*         0x0800f6e8        0x8 
 .text.SysTick_Handler
                0x0800f6f0       0x1c build/obj/st_lld.o
                0x0800f6f0                SysTick_Handler
 *fill*         0x0800f70c        0x4 
 .text.st_lld_init
                0x0800f710       0x1c build/obj/st_lld.o
                0x0800f710                st_lld_init
 *fill*         0x0800f72c        0x4 
 .text.can_lld_set_filters
                0x0800f730      0x118 build/obj/can_lld.o
 *fill*         0x0800f848        0x8 
 .text.Vector8C
                0x0800f850       0x3c build/obj/can_lld.o
                0x0800f850                Vector8C
 *fill*         0x0800f88c        0x4 
 .text.Vector90
                0x0800f890       0x64 build/obj/can_lld.o
                0x0800f890                Vector90
 *fill*         0x0800f8f4        0xc 
 .text.Vector94
                0x0800f900       0x64 build/obj/can_lld.o
                0x0800f900                Vector94
 *fill*         0x0800f964        0xc 
 .text.Vector98
                0x0800f970       0x78 build/obj/can_lld.o
                0x0800f970                Vector98
 *fill*         0x0800f9e8        0x8 
 .text.can_lld_init
                0x0800f9f0       0x24 build/obj/can_lld.o
                0x0800f9f0                can_lld_init
 *fill*         0x0800fa14        0xc 
 .text.can_lld_start
                0x0800fa20       0x70 build/obj/can_lld.o
                0x0800fa20                can_lld_start
 .text.can_lld_is_tx_empty
                0x0800fa90       0x40 build/obj/can_lld.o
                0x0800fa90                can_lld_is_tx_empty
 .text.can_lld_transmit
                0x0800fad0       0x78 build/obj/can_lld.o
                0x0800fad0                can_lld_transmit
 *fill*         0x0800fb48        0x8 
 .text.can_lld_is_rx_nonempty
                0x0800fb50       0x38 build/obj/can_lld.o
                0x0800fb50                can_lld_is_rx_nonempty
 *fill*         0x0800fb88        0x8 
 .text.can_lld_receive
                0x0800fb90       0xc0 build/obj/can_lld.o
                0x0800fb90                can_lld_receive
 .text._pal_lld_init
                0x0800fc50      0x1ac build/obj/pal_lld.o
                0x0800fc50                _pal_lld_init
 *fill*         0x0800fdfc        0x4 
 .text._pal_lld_setgroupmode
                0x0800fe00       0xb8 build/obj/pal_lld.o
                0x0800fe00                _pal_lld_setgroupmode
 *fill*         0x0800feb8        0x8 
 .text.i2c_lld_serve_tx_end_irq
                0x0800fec0       0x40 build/obj/i2c_lld.o
 .text.i2c_lld_serve_rx_end_irq
                0x0800ff00       0x64 build/obj/i2c_lld.o
 *fill*         0x0800ff64        0xc 
 .text.VectorC4
                0x0800ff70       0xf8 build/obj/i2c_lld.o
                0x0800ff70                VectorC4
 *fill*         0x08010068        0x8 
 .text.VectorC8
                0x08010070       0xd8 build/obj/i2c_lld.o
                0x08010070                VectorC8
 *fill*         0x08010148        0x8 
 .text.i2c_lld_init
                0x08010150       0x2c build/obj/i2c_lld.o
                0x08010150                i2c_lld_init
 *fill*         0x0801017c        0x4 
 .text.i2c_lld_start
                0x08010180      0x16c build/obj/i2c_lld.o
                0x08010180                i2c_lld_start
 *fill*         0x080102ec        0x4 
 .text.i2c_lld_stop
                0x080102f0       0x88 build/obj/i2c_lld.o
                0x080102f0                i2c_lld_stop
 *fill*         0x08010378        0x8 
 .text.i2c_lld_master_receive_timeout
                0x08010380       0x74 build/obj/i2c_lld.o
                0x08010380                i2c_lld_master_receive_timeout
 *fill*         0x080103f4        0xc 
 .text.i2c_lld_master_transmit_timeout
                0x08010400       0x8c build/obj/i2c_lld.o
                0x08010400                i2c_lld_master_transmit_timeout
 *fill*         0x0801048c        0x4 
 .text.usb_lld_pump
                0x08010490      0x334 build/obj/usb_lld.o
                0x08010490                usb_lld_pump
 *fill*         0x080107c4        0xc 
 .text.otg_disable_ep.isra.0
                0x080107d0       0x74 build/obj/usb_lld.o
 *fill*         0x08010844        0xc 
 .text.usb_lld_init
                0x08010850       0x24 build/obj/usb_lld.o
                0x08010850                usb_lld_init
 *fill*         0x08010874        0xc 
 .text.usb_lld_start
                0x08010880       0xe4 build/obj/usb_lld.o
                0x08010880                usb_lld_start
 *fill*         0x08010964        0xc 
 .text.usb_lld_stop
                0x08010970       0x44 build/obj/usb_lld.o
                0x08010970                usb_lld_stop
 *fill*         0x080109b4        0xc 
 .text.usb_lld_reset
                0x080109c0       0xc4 build/obj/usb_lld.o
                0x080109c0                usb_lld_reset
 *fill*         0x08010a84        0xc 
 .text.usb_lld_set_address
                0x08010a90       0x18 build/obj/usb_lld.o
                0x08010a90                usb_lld_set_address
 *fill*         0x08010aa8        0x8 
 .text.usb_lld_init_endpoint
                0x08010ab0      0x164 build/obj/usb_lld.o
                0x08010ab0                usb_lld_init_endpoint
 *fill*         0x08010c14        0xc 
 .text.usb_lld_get_status_out
                0x08010c20       0x1c build/obj/usb_lld.o
                0x08010c20                usb_lld_get_status_out
 *fill*         0x08010c3c        0x4 
 .text.usb_lld_get_status_in
                0x08010c40       0x1c build/obj/usb_lld.o
                0x08010c40                usb_lld_get_status_in
 *fill*         0x08010c5c        0x4 
 .text.usb_lld_read_setup
                0x08010c60       0x14 build/obj/usb_lld.o
                0x08010c60                usb_lld_read_setup
 *fill*         0x08010c74        0xc 
 .text.usb_lld_prepare_receive
                0x08010c80       0x44 build/obj/usb_lld.o
                0x08010c80                usb_lld_prepare_receive
 *fill*         0x08010cc4        0xc 
 .text.otg_epout_handler.constprop.7
                0x08010cd0       0xa4 build/obj/usb_lld.o
 *fill*         0x08010d74        0xc 
 .text.usb_lld_prepare_transmit
                0x08010d80       0x50 build/obj/usb_lld.o
                0x08010d80                usb_lld_prepare_transmit
 .text.otg_epin_handler.constprop.8
                0x08010dd0       0xd4 build/obj/usb_lld.o
 *fill*         0x08010ea4        0xc 
 .text.Vector14C
                0x08010eb0       0xf4 build/obj/usb_lld.o
                0x08010eb0                Vector14C
 *fill*         0x08010fa4        0xc 
 .text.usb_lld_start_out
                0x08010fb0       0x14 build/obj/usb_lld.o
                0x08010fb0                usb_lld_start_out
 *fill*         0x08010fc4        0xc 
 .text.usb_lld_start_in
                0x08010fd0       0x2c build/obj/usb_lld.o
                0x08010fd0                usb_lld_start_in
 *fill*         0x08010ffc        0x4 
 .text.usb_lld_stall_out
                0x08011000       0x14 build/obj/usb_lld.o
                0x08011000                usb_lld_stall_out
 *fill*         0x08011014        0xc 
 .text.usb_lld_stall_in
                0x08011020       0x14 build/obj/usb_lld.o
                0x08011020                usb_lld_stall_in
 *fill*         0x08011034        0xc 
 .text.usb_lld_clear_out
                0x08011040       0x14 build/obj/usb_lld.o
                0x08011040                usb_lld_clear_out
 *fill*         0x08011054        0xc 
 .text.usb_lld_clear_in
                0x08011060       0x14 build/obj/usb_lld.o
                0x08011060                usb_lld_clear_in
 *fill*         0x08011074        0xc 
 .text.spi_lld_init
                0x08011080       0x44 build/obj/spi_lld.o
                0x08011080                spi_lld_init
 *fill*         0x080110c4        0xc 
 .text.VectorB4
                0x080110d0       0x9c build/obj/icu_lld.o
                0x080110d0                VectorB4
 *fill*         0x0801116c        0x4 
 .text.icu_lld_init
                0x08011170       0x18 build/obj/icu_lld.o
                0x08011170                icu_lld_init
 *fill*         0x08011188        0x8 
 .text.icu_lld_start
                0x08011190       0xbc build/obj/icu_lld.o
                0x08011190                icu_lld_start
 *fill*         0x0801124c        0x4 
 .text.icu_lld_start_capture
                0x08011250       0x14 build/obj/icu_lld.o
                0x08011250                icu_lld_start_capture
 *fill*         0x08011264        0xc 
 .text.icu_lld_enable_notifications
                0x08011270       0x40 build/obj/icu_lld.o
                0x08011270                icu_lld_enable_notifications
 .text.usart_stop
                0x080112b0       0x48 build/obj/uart_lld.o
 *fill*         0x080112f8        0x8 
 .text.serve_usart_irq
                0x08011300       0x78 build/obj/uart_lld.o
 *fill*         0x08011378        0x8 
 .text.uart_lld_serve_tx_end_irq
                0x08011380       0x50 build/obj/uart_lld.o
 .text.uart_lld_serve_rx_end_irq
                0x080113d0       0x90 build/obj/uart_lld.o
 .text.VectorDC
                0x08011460       0x14 build/obj/uart_lld.o
                0x08011460                VectorDC
 *fill*         0x08011474        0xc 
 .text.Vector15C
                0x08011480       0x14 build/obj/uart_lld.o
                0x08011480                Vector15C
 *fill*         0x08011494        0xc 
 .text.uart_lld_init
                0x080114a0       0x48 build/obj/uart_lld.o
                0x080114a0                uart_lld_init
 *fill*         0x080114e8        0x8 
 .text.uart_lld_start
                0x080114f0      0x158 build/obj/uart_lld.o
                0x080114f0                uart_lld_start
 *fill*         0x08011648        0x8 
 .text.uart_lld_stop
                0x08011650       0x5c build/obj/uart_lld.o
                0x08011650                uart_lld_stop
 *fill*         0x080116ac        0x4 
 .text.uart_lld_start_send
                0x080116b0       0x34 build/obj/uart_lld.o
                0x080116b0                uart_lld_start_send
 *fill*         0x080116e4        0xc 
 .text.__early_init
                0x080116f0        0x4 build/obj/board.o
                0x080116f0                __early_init
 *fill*         0x080116f4        0xc 
 .text.boardInit
                0x08011700        0x4 build/obj/board.o
                0x08011700                boardInit
 *fill*         0x08011704        0xc 
 .text._sbrk_r  0x08011710       0x18 build/obj/syscalls.o
                0x08011710                _sbrk_r
 *fill*         0x08011728        0x8 
 .text.timer_thread
                0x08011730       0x20 build/obj/main.o
 .text.periodic_thread
                0x08011750      0x128 build/obj/main.o
 *fill*         0x08011878        0x8 
 .text.startup.main
                0x08011880       0xa0 build/obj/main.o
                0x08011880                main
 .text.get_descriptor
                0x08011920       0x30 build/obj/comm_usb_serial.o
 .text.usb_event
                0x08011950       0x40 build/obj/comm_usb_serial.o
 .text.comm_usb_serial_init
                0x08011990       0x4c build/obj/comm_usb_serial.o
                0x08011990                comm_usb_serial_init
 *fill*         0x080119dc        0x4 
 .text.Vector88
                0x080119e0       0x1c build/obj/irq_handlers.o
                0x080119e0                Vector88
 *fill*         0x080119fc        0x4 
 .text.VectorE0
                0x08011a00       0x20 build/obj/irq_handlers.o
                0x08011a00                VectorE0
 .text.VectorB8
                0x08011a20       0x24 build/obj/irq_handlers.o
                0x08011a20                VectorB8
 *fill*         0x08011a44        0xc 
 .text.buffer_append_int16
                0x08011a50       0x18 build/obj/buffer.o
                0x08011a50                buffer_append_int16
 *fill*         0x08011a68        0x8 
 .text.buffer_append_uint16
                0x08011a70       0x18 build/obj/buffer.o
                0x08011a70                buffer_append_uint16
 *fill*         0x08011a88        0x8 
 .text.buffer_append_int32
                0x08011a90       0x2c build/obj/buffer.o
                0x08011a90                buffer_append_int32
 *fill*         0x08011abc        0x4 
 .text.buffer_append_uint32
                0x08011ac0       0x2c build/obj/buffer.o
                0x08011ac0                buffer_append_uint32
 *fill*         0x08011aec        0x4 
 .text.buffer_append_float16
                0x08011af0       0x2c build/obj/buffer.o
                0x08011af0                buffer_append_float16
 *fill*         0x08011b1c        0x4 
 .text.buffer_append_float32
                0x08011b20       0x14 build/obj/buffer.o
                0x08011b20                buffer_append_float32
 *fill*         0x08011b34        0xc 
 .text.buffer_get_int16
                0x08011b40       0x14 build/obj/buffer.o
                0x08011b40                buffer_get_int16
 *fill*         0x08011b54        0xc 
 .text.buffer_get_uint16
                0x08011b60       0x14 build/obj/buffer.o
                0x08011b60                buffer_get_uint16
 *fill*         0x08011b74        0xc 
 .text.buffer_get_int32
                0x08011b80       0x24 build/obj/buffer.o
                0x08011b80                buffer_get_int32
 *fill*         0x08011ba4        0xc 
 .text.buffer_get_uint32
                0x08011bb0       0x24 build/obj/buffer.o
                0x08011bb0                buffer_get_uint32
 *fill*         0x08011bd4        0xc 
 .text.buffer_get_float16
                0x08011be0       0x20 build/obj/buffer.o
                0x08011be0                buffer_get_float16
 .text.buffer_get_float32
                0x08011c00       0x14 build/obj/buffer.o
                0x08011c00                buffer_get_float32
 *fill*         0x08011c14        0xc 
 .text.send_packet
                0x08011c20       0x1c build/obj/comm_usb.o
 *fill*         0x08011c3c        0x4 
 .text.serial_process_thread
                0x08011c40       0x60 build/obj/comm_usb.o
 .text.serial_read_thread
                0x08011ca0       0x74 build/obj/comm_usb.o
 *fill*         0x08011d14        0xc 
 .text.process_packet
                0x08011d20       0x1c build/obj/comm_usb.o
 *fill*         0x08011d3c        0x4 
 .text.send_packet_wrapper
                0x08011d40       0x28 build/obj/comm_usb.o
 *fill*         0x08011d68        0x8 
 .text.comm_usb_init
                0x08011d70       0x5c build/obj/comm_usb.o
                0x08011d70                comm_usb_init
 *fill*         0x08011dcc        0x4 
 .text.crc16    0x08011dd0       0x30 build/obj/crc.o
                0x08011dd0                crc16
 .text.filter_fft
                0x08011e00      0x1f0 build/obj/digital_filter.o
                0x08011e00                filter_fft
 .text.filter_hamming
                0x08011ff0       0xd4 build/obj/digital_filter.o
                0x08011ff0                filter_hamming
 *fill*         0x080120c4        0xc 
 .text.filter_create_fir_lowpass
                0x080120d0       0xc4 build/obj/digital_filter.o
                0x080120d0                filter_create_fir_lowpass
 *fill*         0x08012194        0xc 
 .text.filter_run_fir_iteration
                0x080121a0       0x44 build/obj/digital_filter.o
                0x080121a0                filter_run_fir_iteration
 *fill*         0x080121e4        0xc 
 .text.filter_add_sample
                0x080121f0       0x24 build/obj/digital_filter.o
                0x080121f0                filter_add_sample
 *fill*         0x08012214        0xc 
 .text.ledpwm_init
                0x08012220       0x5c build/obj/ledpwm.o
                0x08012220                ledpwm_init
 *fill*         0x0801227c        0x4 
 .text.ledpwm_set_intensity
                0x08012280       0x50 build/obj/ledpwm.o
                0x08012280                ledpwm_set_intensity
 .text.ledpwm_update_pwm
                0x080122d0       0x40 build/obj/ledpwm.o
                0x080122d0                ledpwm_update_pwm
 .text.update_adc_sample_pos
                0x08012310      0x200 build/obj/mcpwm.o
 .text.update_rpm_tacho
                0x08012510       0x9c build/obj/mcpwm.o
 *fill*         0x080125ac        0x4 
 .text.update_timer_attempt
                0x080125b0       0x78 build/obj/mcpwm.o
 *fill*         0x08012628        0x8 
 .text.set_next_timer_settings
                0x08012630       0x2c build/obj/mcpwm.o
 *fill*         0x0801265c        0x4 
 .text.set_duty_cycle_hw
                0x08012660      0x12c build/obj/mcpwm.o
 *fill*         0x0801278c        0x4 
 .text.rpm_thread
                0x08012790      0x380 build/obj/mcpwm.o
 .text.timer_thread
                0x08012b10      0x250 build/obj/mcpwm.o
 .text.set_next_comm_step
                0x08012d60      0x524 build/obj/mcpwm.o
 *fill*         0x08013284        0xc 
 .text.update_sensor_mode
                0x08013290       0x70 build/obj/mcpwm.o
 .text.commutate
                0x08013300       0xdc build/obj/mcpwm.o
 *fill*         0x080133dc        0x4 
 .text.set_switching_frequency.constprop.1
                0x080133e0       0x58 build/obj/mcpwm.o
 *fill*         0x08013438        0x8 
 .text.full_brake_hw
                0x08013440       0x74 build/obj/mcpwm.o
 *fill*         0x080134b4        0xc 
 .text.stop_pwm_hw
                0x080134c0       0x74 build/obj/mcpwm.o
 *fill*         0x08013534        0xc 
 .text.mcpwm_deinit
                0x08013540       0x74 build/obj/mcpwm.o
                0x08013540                mcpwm_deinit
 *fill*         0x080135b4        0xc 
 .text.mcpwm_init_hall_table
                0x080135c0       0x9c build/obj/mcpwm.o
                0x080135c0                mcpwm_init_hall_table
 *fill*         0x0801365c        0x4 
 .text.mcpwm_init
                0x08013660      0x670 build/obj/mcpwm.o
                0x08013660                mcpwm_init
 .text.mcpwm_set_configuration
                0x08013cd0       0x44 build/obj/mcpwm.o
                0x08013cd0                mcpwm_set_configuration
 *fill*         0x08013d14        0xc 
 .text.mcpwm_set_brake_current
                0x08013d20       0xdc build/obj/mcpwm.o
                0x08013d20                mcpwm_set_brake_current
 *fill*         0x08013dfc        0x4 
 .text.mcpwm_get_comm_step
                0x08013e00        0xc build/obj/mcpwm.o
                0x08013e00                mcpwm_get_comm_step
 *fill*         0x08013e0c        0x4 
 .text.mcpwm_get_duty_cycle_now
                0x08013e10        0xc build/obj/mcpwm.o
                0x08013e10                mcpwm_get_duty_cycle_now
 *fill*         0x08013e1c        0x4 
 .text.mcpwm_get_switching_frequency_now
                0x08013e20        0xc build/obj/mcpwm.o
                0x08013e20                mcpwm_get_switching_frequency_now
 *fill*         0x08013e2c        0x4 
 .text.mcpwm_get_rpm
                0x08013e30       0x24 build/obj/mcpwm.o
                0x08013e30                mcpwm_get_rpm
 *fill*         0x08013e54        0xc 
 .text.mcpwm_get_state
                0x08013e60        0xc build/obj/mcpwm.o
                0x08013e60                mcpwm_get_state
 *fill*         0x08013e6c        0x4 
 .text.mcpwm_get_kv_filtered
                0x08013e70       0x1c build/obj/mcpwm.o
                0x08013e70                mcpwm_get_kv_filtered
 *fill*         0x08013e8c        0x4 
 .text.mcpwm_get_tot_current
                0x08013e90        0xc build/obj/mcpwm.o
                0x08013e90                mcpwm_get_tot_current
 *fill*         0x08013e9c        0x4 
 .text.mcpwm_get_tot_current_filtered
                0x08013ea0        0xc build/obj/mcpwm.o
                0x08013ea0                mcpwm_get_tot_current_filtered
 *fill*         0x08013eac        0x4 
 .text.mcpwm_get_tot_current_directional
                0x08013eb0       0x24 build/obj/mcpwm.o
                0x08013eb0                mcpwm_get_tot_current_directional
 *fill*         0x08013ed4        0xc 
 .text.mcpwm_get_tot_current_directional_filtered
                0x08013ee0       0x24 build/obj/mcpwm.o
                0x08013ee0                mcpwm_get_tot_current_directional_filtered
 *fill*         0x08013f04        0xc 
 .text.mcpwm_get_tot_current_in_filtered
                0x08013f10       0x20 build/obj/mcpwm.o
                0x08013f10                mcpwm_get_tot_current_in_filtered
 .text.mcpwm_get_tachometer_value
                0x08013f30       0x14 build/obj/mcpwm.o
                0x08013f30                mcpwm_get_tachometer_value
 *fill*         0x08013f44        0xc 
 .text.mcpwm_get_tachometer_abs_value
                0x08013f50       0x14 build/obj/mcpwm.o
                0x08013f50                mcpwm_get_tachometer_abs_value
 *fill*         0x08013f64        0xc 
 .text.mcpwm_stop_pwm
                0x08013f70       0x28 build/obj/mcpwm.o
                0x08013f70                mcpwm_stop_pwm
 *fill*         0x08013f98        0x8 
 .text.mcpwm_adc_inj_int_handler
                0x08013fa0      0x480 build/obj/mcpwm.o
                0x08013fa0                mcpwm_adc_inj_int_handler
 .text.mcpwm_set_detect
                0x08014420       0x54 build/obj/mcpwm.o
                0x08014420                mcpwm_set_detect
 *fill*         0x08014474        0xc 
 .text.mcpwm_get_detect_pos
                0x08014480      0x118 build/obj/mcpwm.o
                0x08014480                mcpwm_get_detect_pos
 *fill*         0x08014598        0x8 
 .text.mcpwm_read_reset_avg_cycle_integrator
                0x080145a0       0x20 build/obj/mcpwm.o
                0x080145a0                mcpwm_read_reset_avg_cycle_integrator
 .text.mcpwm_get_last_adc_isr_duration
                0x080145c0        0xc build/obj/mcpwm.o
                0x080145c0                mcpwm_get_last_adc_isr_duration
 *fill*         0x080145cc        0x4 
 .text.mcpwm_get_last_inj_adc_isr_duration
                0x080145d0        0xc build/obj/mcpwm.o
                0x080145d0                mcpwm_get_last_inj_adc_isr_duration
 *fill*         0x080145dc        0x4 
 .text.mcpwm_get_rpm_dep
                0x080145e0       0x20 build/obj/mcpwm.o
                0x080145e0                mcpwm_get_rpm_dep
 .text.mcpwm_is_dccal_done
                0x08014600        0xc build/obj/mcpwm.o
                0x08014600                mcpwm_is_dccal_done
 *fill*         0x0801460c        0x4 
 .text.mcpwm_reset_hall_detect_table
                0x08014610       0x10 build/obj/mcpwm.o
                0x08014610                mcpwm_reset_hall_detect_table
 .text.mcpwm_get_hall_detect_result
                0x08014620       0xb0 build/obj/mcpwm.o
                0x08014620                mcpwm_get_hall_detect_result
 .text.mcpwm_read_hall_phase
                0x080146d0       0x4c build/obj/mcpwm.o
                0x080146d0                mcpwm_read_hall_phase
 *fill*         0x0801471c        0x4 
 .text.set_duty_cycle_ll
                0x08014720      0x1b0 build/obj/mcpwm.o
 .text.set_duty_cycle_hl
                0x080148d0      0x10c build/obj/mcpwm.o
 *fill*         0x080149dc        0x4 
 .text.mcpwm_set_duty
                0x080149e0       0x10 build/obj/mcpwm.o
                0x080149e0                mcpwm_set_duty
 .text.mcpwm_set_pid_speed
                0x080149f0       0x68 build/obj/mcpwm.o
                0x080149f0                mcpwm_set_pid_speed
 *fill*         0x08014a58        0x8 
 .text.mcpwm_set_pid_speed_with_cruise_status
                0x08014a60       0x64 build/obj/mcpwm.o
                0x08014a60                mcpwm_set_pid_speed_with_cruise_status
 *fill*         0x08014ac4        0xc 
 .text.mcpwm_set_pid_pos
                0x08014ad0       0x34 build/obj/mcpwm.o
                0x08014ad0                mcpwm_set_pid_pos
 *fill*         0x08014b04        0xc 
 .text.mcpwm_set_current
                0x08014b10       0x98 build/obj/mcpwm.o
                0x08014b10                mcpwm_set_current
 *fill*         0x08014ba8        0x8 
 .text.mcpwm_adc_int_handler
                0x08014bb0      0xce8 build/obj/mcpwm.o
                0x08014bb0                mcpwm_adc_int_handler
 *fill*         0x08015898        0x8 
 .text.icuperiodcb
                0x080158a0        0x4 build/obj/servo_dec.o
 *fill*         0x080158a4        0xc 
 .text.icuwidthcb
                0x080158b0      0x194 build/obj/servo_dec.o
 *fill*         0x08015a44        0xc 
 .text.servodec_init
                0x08015a50       0x50 build/obj/servo_dec.o
                0x08015a50                servodec_init
 .text.servodec_set_pulse_options
                0x08015aa0       0x30 build/obj/servo_dec.o
                0x08015aa0                servodec_set_pulse_options
 .text.servodec_get_servo
                0x08015ad0       0x1c build/obj/servo_dec.o
                0x08015ad0                servodec_get_servo
 *fill*         0x08015aec        0x4 
 .text.servodec_get_time_since_update
                0x08015af0       0x20 build/obj/servo_dec.o
                0x08015af0                servodec_get_time_since_update
 .text.servodec_get_last_pulse_len
                0x08015b10       0x1c build/obj/servo_dec.o
                0x08015b10                servodec_get_last_pulse_len
 *fill*         0x08015b2c        0x4 
 .text.utils_step_towards
                0x08015b30       0x38 build/obj/utils.o
                0x08015b30                utils_step_towards
 *fill*         0x08015b68        0x8 
 .text.utils_norm_angle
                0x08015b70       0x34 build/obj/utils.o
                0x08015b70                utils_norm_angle
 *fill*         0x08015ba4        0xc 
 .text.utils_norm_angle_rad
                0x08015bb0       0x5c build/obj/utils.o
                0x08015bb0                utils_norm_angle_rad
 *fill*         0x08015c0c        0x4 
 .text.utils_truncate_number
                0x08015c10       0x2c build/obj/utils.o
                0x08015c10                utils_truncate_number
 *fill*         0x08015c3c        0x4 
 .text.utils_map
                0x08015c40       0x1c build/obj/utils.o
                0x08015c40                utils_map
 *fill*         0x08015c5c        0x4 
 .text.utils_deadband
                0x08015c60       0x48 build/obj/utils.o
                0x08015c60                utils_deadband
 *fill*         0x08015ca8        0x8 
 .text.utils_angle_difference
                0x08015cb0       0x54 build/obj/utils.o
                0x08015cb0                utils_angle_difference
 *fill*         0x08015d04        0xc 
 .text.utils_angle_difference_rad
                0x08015d10       0x54 build/obj/utils.o
                0x08015d10                utils_angle_difference_rad
 *fill*         0x08015d64        0xc 
 .text.utils_middle_of_3
                0x08015d70       0x80 build/obj/utils.o
                0x08015d70                utils_middle_of_3
 .text.utils_smallest_of_2
                0x08015df0       0x10 build/obj/utils.o
                0x08015df0                utils_smallest_of_2
 .text.utils_highest_of_2
                0x08015e00       0x10 build/obj/utils.o
                0x08015e00                utils_highest_of_2
 .text.utils_fast_atan2
                0x08015e10       0x94 build/obj/utils.o
                0x08015e10                utils_fast_atan2
 *fill*         0x08015ea4        0xc 
 .text.utils_saturate_vector_2d
                0x08015eb0       0x94 build/obj/utils.o
                0x08015eb0                utils_saturate_vector_2d
 *fill*         0x08015f44        0xc 
 .text.utils_fast_sincos_better
                0x08015f50      0x10c build/obj/utils.o
                0x08015f50                utils_fast_sincos_better
 *fill*         0x0801605c        0x4 
 .text.utils_sys_lock_cnt
                0x08016060       0x18 build/obj/utils.o
                0x08016060                utils_sys_lock_cnt
 *fill*         0x08016078        0x8 
 .text.utils_sys_unlock_cnt
                0x08016080       0x1c build/obj/utils.o
                0x08016080                utils_sys_unlock_cnt
 *fill*         0x0801609c        0x4 
 .text.packet_init
                0x080160a0       0x14 build/obj/packet.o
                0x080160a0                packet_init
 *fill*         0x080160b4        0xc 
 .text.packet_send_packet
                0x080160c0       0x88 build/obj/packet.o
                0x080160c0                packet_send_packet
 *fill*         0x08016148        0x8 
 .text.packet_timerfunc
                0x08016150       0x48 build/obj/packet.o
                0x08016150                packet_timerfunc
 *fill*         0x08016198        0x8 
 .text.packet_process_byte
                0x080161a0      0x15c build/obj/packet.o
                0x080161a0                packet_process_byte
 *fill*         0x080162fc        0x4 
 .text.terminal_process_string
                0x08016300     0x10dc build/obj/terminal.o
                0x08016300                terminal_process_string
 *fill*         0x080173dc        0x4 
 .text.terminal_add_fault_data
                0x080173e0       0x40 build/obj/terminal.o
                0x080173e0                terminal_add_fault_data
 .text.conf_general_init
                0x08017420       0x54 build/obj/conf_general.o
                0x08017420                conf_general_init
 *fill*         0x08017474        0xc 
 .text.conf_general_get_default_app_configuration
                0x08017480      0x1a4 build/obj/conf_general.o
                0x08017480                conf_general_get_default_app_configuration
 *fill*         0x08017624        0xc 
 .text.conf_general_get_default_mc_configuration
                0x08017630      0x274 build/obj/conf_general.o
                0x08017630                conf_general_get_default_mc_configuration
 *fill*         0x080178a4        0xc 
 .text.conf_general_read_app_configuration
                0x080178b0       0xb8 build/obj/conf_general.o
                0x080178b0                conf_general_read_app_configuration
 *fill*         0x08017968        0x8 
 .text.conf_general_store_app_configuration
                0x08017970       0xc8 build/obj/conf_general.o
                0x08017970                conf_general_store_app_configuration
 *fill*         0x08017a38        0x8 
 .text.conf_general_read_mc_configuration
                0x08017a40       0xac build/obj/conf_general.o
                0x08017a40                conf_general_read_mc_configuration
 *fill*         0x08017aec        0x4 
 .text.conf_general_store_mc_configuration
                0x08017af0       0xc4 build/obj/conf_general.o
                0x08017af0                conf_general_store_mc_configuration
 *fill*         0x08017bb4        0xc 
 .text.conf_general_detect_motor_param
                0x08017bc0      0x1f0 build/obj/conf_general.o
                0x08017bc0                conf_general_detect_motor_param
 .text.conf_general_measure_flux_linkage
                0x08017db0      0x198 build/obj/conf_general.o
                0x08017db0                conf_general_measure_flux_linkage
 *fill*         0x08017f48        0x8 
 .text.EE_VerifyPageFullWriteVariable
                0x08017f50       0x7c build/obj/eeprom.o
 *fill*         0x08017fcc        0x4 
 .text.EE_EraseSectorIfNotEmpty.constprop.1
                0x08017fd0       0x30 build/obj/eeprom.o
 .text.EE_Format
                0x08018000       0x2c build/obj/eeprom.o
 *fill*         0x0801802c        0x4 
 .text.EE_ReadVariable
                0x08018030       0x70 build/obj/eeprom.o
                0x08018030                EE_ReadVariable
 .text.EE_Init  0x080180a0      0x148 build/obj/eeprom.o
                0x080180a0                EE_Init
 *fill*         0x080181e8        0x8 
 .text.EE_WriteVariable
                0x080181f0       0xbc build/obj/eeprom.o
                0x080181f0                EE_WriteVariable
 *fill*         0x080182ac        0x4 
 .text.detect_thread
                0x080182b0       0xf8 build/obj/commands.o
 *fill*         0x080183a8        0x8 
 .text.commands_init
                0x080183b0       0x2c build/obj/commands.o
                0x080183b0                commands_init
 *fill*         0x080183dc        0x4 
 .text.commands_set_send_func
                0x080183e0        0xc build/obj/commands.o
                0x080183e0                commands_set_send_func
 *fill*         0x080183ec        0x4 
 .text.commands_send_packet
                0x080183f0       0x10 build/obj/commands.o
                0x080183f0                commands_send_packet
 .text.commands_process_packet
                0x08018400     0x2df8 build/obj/commands.o
                0x08018400                commands_process_packet
 *fill*         0x0801b1f8        0x8 
 .text.commands_printf
                0x0801b200       0x44 build/obj/commands.o
                0x0801b200                commands_printf
 *fill*         0x0801b244        0xc 
 .text.commands_send_samples
                0x0801b250       0x4c build/obj/commands.o
                0x0801b250                commands_send_samples
 *fill*         0x0801b29c        0x4 
 .text.commands_send_rotor_pos
                0x0801b2a0       0x40 build/obj/commands.o
                0x0801b2a0                commands_send_rotor_pos
 .text.commands_get_disp_pos_mode
                0x0801b2e0        0xc build/obj/commands.o
                0x0801b2e0                commands_get_disp_pos_mode
 *fill*         0x0801b2ec        0x4 
 .text.timeout_thread
                0x0801b2f0       0x80 build/obj/timeout.o
 .text.timeout_init
                0x0801b370       0x48 build/obj/timeout.o
                0x0801b370                timeout_init
 *fill*         0x0801b3b8        0x8 
 .text.timeout_configure
                0x0801b3c0       0x14 build/obj/timeout.o
                0x0801b3c0                timeout_configure
 *fill*         0x0801b3d4        0xc 
 .text.timeout_reset
                0x0801b3e0       0x20 build/obj/timeout.o
                0x0801b3e0                timeout_reset
 .text.timeout_has_timeout
                0x0801b400        0xc build/obj/timeout.o
                0x0801b400                timeout_has_timeout
 *fill*         0x0801b40c        0x4 
 .text.timeout_get_timeout_msec
                0x0801b410        0xc build/obj/timeout.o
                0x0801b410                timeout_get_timeout_msec
 *fill*         0x0801b41c        0x4 
 .text.timeout_get_brake_current
                0x0801b420        0xc build/obj/timeout.o
                0x0801b420                timeout_get_brake_current
 *fill*         0x0801b42c        0x4 
 .text.cancom_process_thread
                0x0801b430      0x3b8 build/obj/comm_can.o
 *fill*         0x0801b7e8        0x8 
 .text.cancom_read_thread
                0x0801b7f0       0xc4 build/obj/comm_can.o
 *fill*         0x0801b8b4        0xc 
 .text.comm_can_init
                0x0801b8c0       0xb0 build/obj/comm_can.o
                0x0801b8c0                comm_can_init
 .text.comm_can_transmit
                0x0801b970       0x50 build/obj/comm_can.o
                0x0801b970                comm_can_transmit
 .text.cancom_status_thread
                0x0801b9c0       0xd4 build/obj/comm_can.o
 *fill*         0x0801ba94        0xc 
 .text.comm_can_send_buffer
                0x0801baa0      0x15c build/obj/comm_can.o
                0x0801baa0                comm_can_send_buffer
 *fill*         0x0801bbfc        0x4 
 .text.send_packet_wrapper
                0x0801bc00       0x18 build/obj/comm_can.o
 *fill*         0x0801bc18        0x8 
 .text.comm_can_set_duty
                0x0801bc20       0x38 build/obj/comm_can.o
                0x0801bc20                comm_can_set_duty
 *fill*         0x0801bc58        0x8 
 .text.comm_can_set_current
                0x0801bc60       0x3c build/obj/comm_can.o
                0x0801bc60                comm_can_set_current
 *fill*         0x0801bc9c        0x4 
 .text.comm_can_set_servo
                0x0801bca0       0x48 build/obj/comm_can.o
                0x0801bca0                comm_can_set_servo
 *fill*         0x0801bce8        0x8 
 .text.comm_can_set_brake_servo
                0x0801bcf0       0x3c build/obj/comm_can.o
                0x0801bcf0                comm_can_set_brake_servo
 *fill*         0x0801bd2c        0x4 
 .text.comm_can_set_current_brake
                0x0801bd30       0x3c build/obj/comm_can.o
                0x0801bd30                comm_can_set_current_brake
 *fill*         0x0801bd6c        0x4 
 .text.comm_can_set_rpm
                0x0801bd70       0x3c build/obj/comm_can.o
                0x0801bd70                comm_can_set_rpm
 *fill*         0x0801bdac        0x4 
 .text.comm_can_get_status_msg_index
                0x0801bdb0       0x18 build/obj/comm_can.o
                0x0801bdb0                comm_can_get_status_msg_index
 *fill*         0x0801bdc8        0x8 
 .text.led_external_set_state
                0x0801bdd0        0xc build/obj/led_external.o
                0x0801bdd0                led_external_set_state
 *fill*         0x0801bddc        0x4 
 .text.led_external_set_reversed
                0x0801bde0        0xc build/obj/led_external.o
                0x0801bde0                led_external_set_reversed
 *fill*         0x0801bdec        0x4 
 .text.spi_transfer.isra.0.constprop.1
                0x0801bdf0       0x48 build/obj/encoder.o
 *fill*         0x0801be38        0x8 
 .text.encoder_deinit
                0x0801be40       0x74 build/obj/encoder.o
                0x0801be40                encoder_deinit
 *fill*         0x0801beb4        0xc 
 .text.encoder_init_abi
                0x0801bec0       0xa0 build/obj/encoder.o
                0x0801bec0                encoder_init_abi
 .text.encoder_init_as5047p_spi
                0x0801bf60       0x90 build/obj/encoder.o
                0x0801bf60                encoder_init_as5047p_spi
 .text.encoder_is_configured
                0x0801bff0       0x10 build/obj/encoder.o
                0x0801bff0                encoder_is_configured
 .text.encoder_read_deg
                0x0801c000       0x64 build/obj/encoder.o
                0x0801c000                encoder_read_deg
 *fill*         0x0801c064        0xc 
 .text.encoder_reset
                0x0801c070       0x18 build/obj/encoder.o
                0x0801c070                encoder_reset
 *fill*         0x0801c088        0x8 
 .text.encoder_tim_isr
                0x0801c090       0x50 build/obj/encoder.o
                0x0801c090                encoder_tim_isr
 .text.encoder_set_counts
                0x0801c0e0       0x2c build/obj/encoder.o
                0x0801c0e0                encoder_set_counts
 *fill*         0x0801c10c        0x4 
 .text.encoder_index_found
                0x0801c110        0xc build/obj/encoder.o
                0x0801c110                encoder_index_found
 *fill*         0x0801c11c        0x4 
 .text.flash_helper_erase_new_app
                0x0801c120       0x88 build/obj/flash_helper.o
                0x0801c120                flash_helper_erase_new_app
 *fill*         0x0801c1a8        0x8 
 .text.flash_helper_write_new_app_data
                0x0801c1b0       0x60 build/obj/flash_helper.o
                0x0801c1b0                flash_helper_write_new_app_data
 .text.flash_helper_jump_to_bootloader
                0x0801c210       0x8c build/obj/flash_helper.o
                0x0801c210                flash_helper_jump_to_bootloader
 *fill*         0x0801c29c        0x4 
 .text.flash_helper_get_sector_address
                0x0801c2a0       0x2c build/obj/flash_helper.o
                0x0801c2a0                flash_helper_get_sector_address
 *fill*         0x0801c2cc        0x4 
 .text.sample_send_thread
                0x0801c2d0      0x130 build/obj/mc_interface.o
 .text.mc_interface_set_duty.part.1
                0x0801c400       0x1c build/obj/mc_interface.o
 *fill*         0x0801c41c        0x4 
 .text.mc_interface_set_current.part.2
                0x0801c420       0x1c build/obj/mc_interface.o
 *fill*         0x0801c43c        0x4 
 .text.mc_interface_init
                0x0801c440      0x168 build/obj/mc_interface.o
                0x0801c440                mc_interface_init
 *fill*         0x0801c5a8        0x8 
 .text.mc_interface_get_configuration
                0x0801c5b0        0x8 build/obj/mc_interface.o
                0x0801c5b0                mc_interface_get_configuration
 *fill*         0x0801c5b8        0x8 
 .text.mc_interface_dccal_done
                0x0801c5c0       0x20 build/obj/mc_interface.o
                0x0801c5c0                mc_interface_dccal_done
 .text.mc_interface_lock
                0x0801c5e0        0xc build/obj/mc_interface.o
                0x0801c5e0                mc_interface_lock
 *fill*         0x0801c5ec        0x4 
 .text.mc_interface_unlock
                0x0801c5f0        0xc build/obj/mc_interface.o
                0x0801c5f0                mc_interface_unlock
 *fill*         0x0801c5fc        0x4 
 .text.mc_interface_lock_override_once
                0x0801c600        0xc build/obj/mc_interface.o
                0x0801c600                mc_interface_lock_override_once
 *fill*         0x0801c60c        0x4 
 .text.mc_interface_get_fault
                0x0801c610        0xc build/obj/mc_interface.o
                0x0801c610                mc_interface_get_fault
 *fill*         0x0801c61c        0x4 
 .text.mc_interface_fault_to_string
                0x0801c620       0x18 build/obj/mc_interface.o
                0x0801c620                mc_interface_fault_to_string
 *fill*         0x0801c638        0x8 
 .text.mc_interface_get_state
                0x0801c640       0x20 build/obj/mc_interface.o
                0x0801c640                mc_interface_get_state
 .text.mc_interface_get_cruise_control_status
                0x0801c660        0xc build/obj/mc_interface.o
                0x0801c660                mc_interface_get_cruise_control_status
 *fill*         0x0801c66c        0x4 
 .text.mc_interface_set_cruise_control_status
                0x0801c670        0xc build/obj/mc_interface.o
                0x0801c670                mc_interface_set_cruise_control_status
 *fill*         0x0801c67c        0x4 
 .text.mc_interface_get_duty_cycle_now
                0x0801c680       0x24 build/obj/mc_interface.o
                0x0801c680                mc_interface_get_duty_cycle_now
 *fill*         0x0801c6a4        0xc 
 .text.mc_interface_get_duty_cycle_for_watt_calculation
                0x0801c6b0       0x44 build/obj/mc_interface.o
                0x0801c6b0                mc_interface_get_duty_cycle_for_watt_calculation
 *fill*         0x0801c6f4        0xc 
 .text.mc_interface_get_sampling_frequency_now
                0x0801c700       0x34 build/obj/mc_interface.o
                0x0801c700                mc_interface_get_sampling_frequency_now
 *fill*         0x0801c734        0xc 
 .text.mc_interface_get_rpm
                0x0801c740       0x24 build/obj/mc_interface.o
                0x0801c740                mc_interface_get_rpm
 *fill*         0x0801c764        0xc 
 .text.mc_interface_get_amp_hours
                0x0801c770       0x20 build/obj/mc_interface.o
                0x0801c770                mc_interface_get_amp_hours
 .text.mc_interface_get_amp_hours_charged
                0x0801c790       0x20 build/obj/mc_interface.o
                0x0801c790                mc_interface_get_amp_hours_charged
 .text.mc_interface_get_watt_hours
                0x0801c7b0       0x24 build/obj/mc_interface.o
                0x0801c7b0                mc_interface_get_watt_hours
 *fill*         0x0801c7d4        0xc 
 .text.mc_interface_get_watt_hours_charged
                0x0801c7e0       0x20 build/obj/mc_interface.o
                0x0801c7e0                mc_interface_get_watt_hours_charged
 .text.mc_interface_get_tot_current
                0x0801c800       0x24 build/obj/mc_interface.o
                0x0801c800                mc_interface_get_tot_current
 *fill*         0x0801c824        0xc 
 .text.mc_interface_get_tot_current_filtered
                0x0801c830       0x24 build/obj/mc_interface.o
                0x0801c830                mc_interface_get_tot_current_filtered
 *fill*         0x0801c854        0xc 
 .text.mc_interface_get_tot_current_directional
                0x0801c860       0x24 build/obj/mc_interface.o
                0x0801c860                mc_interface_get_tot_current_directional
 *fill*         0x0801c884        0xc 
 .text.mc_interface_get_tot_current_directional_filtered
                0x0801c890       0x24 build/obj/mc_interface.o
                0x0801c890                mc_interface_get_tot_current_directional_filtered
 *fill*         0x0801c8b4        0xc 
 .text.mc_interface_get_tot_current_in_filtered
                0x0801c8c0       0x24 build/obj/mc_interface.o
                0x0801c8c0                mc_interface_get_tot_current_in_filtered
 *fill*         0x0801c8e4        0xc 
 .text.mc_interface_get_tachometer_value
                0x0801c8f0       0x20 build/obj/mc_interface.o
                0x0801c8f0                mc_interface_get_tachometer_value
 .text.mc_interface_get_tachometer_abs_value
                0x0801c910       0x20 build/obj/mc_interface.o
                0x0801c910                mc_interface_get_tachometer_abs_value
 .text.mc_interface_get_last_inj_adc_isr_duration
                0x0801c930       0x24 build/obj/mc_interface.o
                0x0801c930                mc_interface_get_last_inj_adc_isr_duration
 *fill*         0x0801c954        0xc 
 .text.mc_interface_read_reset_avg_motor_current
                0x0801c960       0x20 build/obj/mc_interface.o
                0x0801c960                mc_interface_read_reset_avg_motor_current
 .text.mc_interface_read_reset_avg_input_current
                0x0801c980       0x20 build/obj/mc_interface.o
                0x0801c980                mc_interface_read_reset_avg_input_current
 .text.mc_interface_get_pid_pos_set
                0x0801c9a0        0xc build/obj/mc_interface.o
                0x0801c9a0                mc_interface_get_pid_pos_set
 *fill*         0x0801c9ac        0x4 
 .text.mc_interface_get_pid_pos_now
                0x0801c9b0       0x24 build/obj/mc_interface.o
                0x0801c9b0                mc_interface_get_pid_pos_now
 *fill*         0x0801c9d4        0xc 
 .text.mc_interface_get_last_sample_adc_isr_duration
                0x0801c9e0        0xc build/obj/mc_interface.o
                0x0801c9e0                mc_interface_get_last_sample_adc_isr_duration
 *fill*         0x0801c9ec        0x4 
 .text.mc_interface_sample_print_data
                0x0801c9f0       0x48 build/obj/mc_interface.o
                0x0801c9f0                mc_interface_sample_print_data
 *fill*         0x0801ca38        0x8 
 .text.mc_interface_try_input
                0x0801ca40       0x40 build/obj/mc_interface.o
                0x0801ca40                mc_interface_try_input
 .text.mc_interface_set_duty
                0x0801ca80       0x28 build/obj/mc_interface.o
                0x0801ca80                mc_interface_set_duty
 *fill*         0x0801caa8        0x8 
 .text.mc_interface_set_pid_speed
                0x0801cab0       0x48 build/obj/mc_interface.o
                0x0801cab0                mc_interface_set_pid_speed
 *fill*         0x0801caf8        0x8 
 .text.mc_interface_set_pid_speed_with_cruise_status
                0x0801cb00       0x50 build/obj/mc_interface.o
                0x0801cb00                mc_interface_set_pid_speed_with_cruise_status
 .text.mc_interface_set_pid_pos
                0x0801cb50       0x54 build/obj/mc_interface.o
                0x0801cb50                mc_interface_set_pid_pos
 *fill*         0x0801cba4        0xc 
 .text.mc_interface_set_current
                0x0801cbb0       0x28 build/obj/mc_interface.o
                0x0801cbb0                mc_interface_set_current
 *fill*         0x0801cbd8        0x8 
 .text.mc_interface_release_motor
                0x0801cbe0       0x1c build/obj/mc_interface.o
                0x0801cbe0                mc_interface_release_motor
 *fill*         0x0801cbfc        0x4 
 .text.mc_interface_set_brake_current
                0x0801cc00       0x48 build/obj/mc_interface.o
                0x0801cc00                mc_interface_set_brake_current
 *fill*         0x0801cc48        0x8 
 .text.mc_interface_set_servo
                0x0801cc50      0x170 build/obj/mc_interface.o
                0x0801cc50                mc_interface_set_servo
 .text.mc_interface_set_brake_servo
                0x0801cdc0       0x4c build/obj/mc_interface.o
                0x0801cdc0                mc_interface_set_brake_servo
 *fill*         0x0801ce0c        0x4 
 .text.mc_interface_fault_stop
                0x0801ce10      0x160 build/obj/mc_interface.o
                0x0801ce10                mc_interface_fault_stop
 .text.update_override_limits.constprop.3
                0x0801cf70      0x1c8 build/obj/mc_interface.o
 *fill*         0x0801d138        0x8 
 .text.mc_interface_set_configuration
                0x0801d140       0xd0 build/obj/mc_interface.o
                0x0801d140                mc_interface_set_configuration
 .text.timer_thread
                0x0801d210       0x60 build/obj/mc_interface.o
 .text.mc_interface_mc_timer_isr
                0x0801d270      0x488 build/obj/mc_interface.o
                0x0801d270                mc_interface_mc_timer_isr
 *fill*         0x0801d6f8        0x8 
 .text.mc_interface_adc_inj_int_handler
                0x0801d700       0x1c build/obj/mc_interface.o
                0x0801d700                mc_interface_adc_inj_int_handler
 *fill*         0x0801d71c        0x4 
 .text.correct_encoder
                0x0801d720       0x64 build/obj/mcpwm_foc.o
 *fill*         0x0801d784        0xc 
 .text.stop_pwm_hw
                0x0801d790       0x78 build/obj/mcpwm_foc.o
 *fill*         0x0801d808        0x8 
 .text.start_pwm_hw
                0x0801d810       0x78 build/obj/mcpwm_foc.o
 *fill*         0x0801d888        0x8 
 .text.correct_hall
                0x0801d890      0x208 build/obj/mcpwm_foc.o
 *fill*         0x0801da98        0x8 
 .text.timer_thread
                0x0801daa0      0x41c build/obj/mcpwm_foc.o
 *fill*         0x0801debc        0x4 
 .text.mcpwm_foc_init
                0x0801dec0      0x5b0 build/obj/mcpwm_foc.o
                0x0801dec0                mcpwm_foc_init
 .text.mcpwm_foc_deinit
                0x0801e470       0x60 build/obj/mcpwm_foc.o
                0x0801e470                mcpwm_foc_deinit
 .text.mcpwm_foc_set_configuration
                0x0801e4d0       0x74 build/obj/mcpwm_foc.o
                0x0801e4d0                mcpwm_foc_set_configuration
 *fill*         0x0801e544        0xc 
 .text.mcpwm_foc_get_state
                0x0801e550        0xc build/obj/mcpwm_foc.o
                0x0801e550                mcpwm_foc_get_state
 *fill*         0x0801e55c        0x4 
 .text.mcpwm_foc_is_dccal_done
                0x0801e560        0xc build/obj/mcpwm_foc.o
                0x0801e560                mcpwm_foc_is_dccal_done
 *fill*         0x0801e56c        0x4 
 .text.mcpwm_foc_set_duty
                0x0801e570       0x28 build/obj/mcpwm_foc.o
                0x0801e570                mcpwm_foc_set_duty
 *fill*         0x0801e598        0x8 
 .text.mcpwm_foc_set_pid_speed
                0x0801e5a0       0x68 build/obj/mcpwm_foc.o
                0x0801e5a0                mcpwm_foc_set_pid_speed
 *fill*         0x0801e608        0x8 
 .text.mcpwm_foc_set_pid_speed_with_cruise_status
                0x0801e610       0x68 build/obj/mcpwm_foc.o
                0x0801e610                mcpwm_foc_set_pid_speed_with_cruise_status
 *fill*         0x0801e678        0x8 
 .text.mcpwm_foc_set_pid_pos
                0x0801e680       0x28 build/obj/mcpwm_foc.o
                0x0801e680                mcpwm_foc_set_pid_pos
 *fill*         0x0801e6a8        0x8 
 .text.mcpwm_foc_set_current
                0x0801e6b0       0x6c build/obj/mcpwm_foc.o
                0x0801e6b0                mcpwm_foc_set_current
 *fill*         0x0801e71c        0x4 
 .text.mcpwm_foc_stop_pwm
                0x0801e720        0xc build/obj/mcpwm_foc.o
                0x0801e720                mcpwm_foc_stop_pwm
 *fill*         0x0801e72c        0x4 
 .text.mcpwm_foc_set_brake_current
                0x0801e730       0x70 build/obj/mcpwm_foc.o
                0x0801e730                mcpwm_foc_set_brake_current
 .text.mcpwm_foc_get_duty_cycle_now
                0x0801e7a0        0xc build/obj/mcpwm_foc.o
                0x0801e7a0                mcpwm_foc_get_duty_cycle_now
 *fill*         0x0801e7ac        0x4 
 .text.mcpwm_foc_get_pid_pos_now
                0x0801e7b0        0xc build/obj/mcpwm_foc.o
                0x0801e7b0                mcpwm_foc_get_pid_pos_now
 *fill*         0x0801e7bc        0x4 
 .text.mcpwm_foc_get_switching_frequency_now
                0x0801e7c0       0x10 build/obj/mcpwm_foc.o
                0x0801e7c0                mcpwm_foc_get_switching_frequency_now
 .text.mcpwm_foc_get_rpm
                0x0801e7d0       0x18 build/obj/mcpwm_foc.o
                0x0801e7d0                mcpwm_foc_get_rpm
 *fill*         0x0801e7e8        0x8 
 .text.mcpwm_foc_get_tot_current
                0x0801e7f0       0x2c build/obj/mcpwm_foc.o
                0x0801e7f0                mcpwm_foc_get_tot_current
 *fill*         0x0801e81c        0x4 
 .text.mcpwm_foc_get_tot_current_filtered
                0x0801e820       0x2c build/obj/mcpwm_foc.o
                0x0801e820                mcpwm_foc_get_tot_current_filtered
 *fill*         0x0801e84c        0x4 
 .text.mcpwm_foc_get_abs_motor_current
                0x0801e850        0xc build/obj/mcpwm_foc.o
                0x0801e850                mcpwm_foc_get_abs_motor_current
 *fill*         0x0801e85c        0x4 
 .text.mcpwm_foc_get_abs_motor_current_filtered
                0x0801e860        0xc build/obj/mcpwm_foc.o
                0x0801e860                mcpwm_foc_get_abs_motor_current_filtered
 *fill*         0x0801e86c        0x4 
 .text.mcpwm_foc_get_tot_current_directional
                0x0801e870        0xc build/obj/mcpwm_foc.o
                0x0801e870                mcpwm_foc_get_tot_current_directional
 *fill*         0x0801e87c        0x4 